Component: ARM Compiler 5.06 update 6 (build 750) Tool: armlink [4d35ed]

==============================================================================

Section Cross References

    stm32h7xx_it.o(i.EXTI15_10_IRQHandler) refers to stm32h7xx_hal_gpio.o(i.HAL_GPIO_EXTI_IRQHandler) for HAL_GPIO_EXTI_IRQHandler
    stm32h7xx_it.o(i.SysTick_Handler) refers to stm32h7xx_hal.o(i.HAL_IncTick) for HAL_IncTick
    main.o(i.main) refers to main.o(i.SCB_CacheEnable) for SCB_CacheEnable
    main.o(i.main) refers to stm32h7xx_hal.o(i.HAL_Init) for HAL_Init
    main.o(i.main) refers to system_clk.o(i.SystemClock_Config) for SystemClock_Config
    main.o(i.main) refers to main.o(i.GPIO_CLK_ENABLE) for GPIO_CLK_ENABLE
    main.o(i.main) refers to driver_led.o(i.LED_GPIO_Init) for LED_GPIO_Init
    main.o(i.main) refers to driver_led.o(i.blue_led_light) for blue_led_light
    main.o(i.main) refers to driver_led.o(i.red_led_light) for red_led_light
    system_clk.o(i.SystemClock_Config) refers to rt_memclr_w.o(.text) for __aeabi_memclr4
    system_clk.o(i.SystemClock_Config) refers to stm32h7xx_hal_pwr_ex.o(i.HAL_PWREx_ConfigSupply) for HAL_PWREx_ConfigSupply
    system_clk.o(i.SystemClock_Config) refers to stm32h7xx_hal_rcc.o(i.HAL_RCC_OscConfig) for HAL_RCC_OscConfig
    system_clk.o(i.SystemClock_Config) refers to main.o(i.Error_Handler) for Error_Handler
    system_clk.o(i.SystemClock_Config) refers to stm32h7xx_hal_rcc.o(i.HAL_RCC_ClockConfig) for HAL_RCC_ClockConfig
    system_clk.o(i.SystemClock_Config) refers to stm32h7xx_hal_rcc_ex.o(i.HAL_RCCEx_PeriphCLKConfig) for HAL_RCCEx_PeriphCLKConfig
    stm32h7xx_hal.o(i.HAL_DeInit) refers to stm32h7xx_hal.o(i.HAL_MspDeInit) for HAL_MspDeInit
    stm32h7xx_hal.o(i.HAL_Delay) refers to stm32h7xx_hal.o(i.HAL_GetTick) for HAL_GetTick
    stm32h7xx_hal.o(i.HAL_Delay) refers to stm32h7xx_hal.o(.data) for .data
    stm32h7xx_hal.o(i.HAL_GetTick) refers to stm32h7xx_hal.o(.data) for .data
    stm32h7xx_hal.o(i.HAL_GetTickFreq) refers to stm32h7xx_hal.o(.data) for .data
    stm32h7xx_hal.o(i.HAL_GetTickPrio) refers to stm32h7xx_hal.o(.data) for .data
    stm32h7xx_hal.o(i.HAL_IncTick) refers to stm32h7xx_hal.o(.data) for .data
    stm32h7xx_hal.o(i.HAL_Init) refers to stm32h7xx_hal_cortex.o(i.HAL_NVIC_SetPriorityGrouping) for HAL_NVIC_SetPriorityGrouping
    stm32h7xx_hal.o(i.HAL_Init) refers to stm32h7xx_hal_rcc.o(i.HAL_RCC_GetSysClockFreq) for HAL_RCC_GetSysClockFreq
    stm32h7xx_hal.o(i.HAL_Init) refers to stm32h7xx_hal.o(i.HAL_InitTick) for HAL_InitTick
    stm32h7xx_hal.o(i.HAL_Init) refers to stm32h7xx_hal.o(i.HAL_MspInit) for HAL_MspInit
    stm32h7xx_hal.o(i.HAL_Init) refers to system_stm32h7xx_1.o(.constdata) for D1CorePrescTable
    stm32h7xx_hal.o(i.HAL_Init) refers to system_stm32h7xx_1.o(.data) for SystemCoreClock
    stm32h7xx_hal.o(i.HAL_InitTick) refers to stm32h7xx_hal_cortex.o(i.HAL_SYSTICK_Config) for HAL_SYSTICK_Config
    stm32h7xx_hal.o(i.HAL_InitTick) refers to stm32h7xx_hal_cortex.o(i.HAL_NVIC_SetPriority) for HAL_NVIC_SetPriority
    stm32h7xx_hal.o(i.HAL_InitTick) refers to stm32h7xx_hal.o(.data) for .data
    stm32h7xx_hal.o(i.HAL_InitTick) refers to system_stm32h7xx_1.o(.data) for SystemCoreClock
    stm32h7xx_hal.o(i.HAL_SYSCFG_EnableVREFBUF) refers to stm32h7xx_hal.o(i.HAL_GetTick) for HAL_GetTick
    stm32h7xx_hal.o(i.HAL_SetTickFreq) refers to stm32h7xx_hal.o(i.HAL_InitTick) for HAL_InitTick
    stm32h7xx_hal.o(i.HAL_SetTickFreq) refers to stm32h7xx_hal.o(.data) for .data
    stm32h7xx_hal_adc.o(i.ADC_ConfigureBoostMode) refers to stm32h7xx_hal_rcc.o(i.HAL_RCC_GetHCLKFreq) for HAL_RCC_GetHCLKFreq
    stm32h7xx_hal_adc.o(i.ADC_ConfigureBoostMode) refers to stm32h7xx_hal_rcc_ex.o(i.HAL_RCCEx_GetPeriphCLKFreq) for HAL_RCCEx_GetPeriphCLKFreq
    stm32h7xx_hal_adc.o(i.ADC_ConfigureBoostMode) refers to stm32h7xx_hal.o(i.HAL_GetREVID) for HAL_GetREVID
    stm32h7xx_hal_adc.o(i.ADC_ConversionStop) refers to stm32h7xx_hal_adc.o(i.LL_ADC_REG_IsConversionOngoing) for LL_ADC_REG_IsConversionOngoing
    stm32h7xx_hal_adc.o(i.ADC_ConversionStop) refers to stm32h7xx_hal_adc.o(i.LL_ADC_INJ_IsConversionOngoing) for LL_ADC_INJ_IsConversionOngoing
    stm32h7xx_hal_adc.o(i.ADC_ConversionStop) refers to stm32h7xx_hal.o(i.HAL_GetTick) for HAL_GetTick
    stm32h7xx_hal_adc.o(i.ADC_DMAConvCplt) refers to stm32h7xx_hal_adc.o(i.HAL_ADC_ErrorCallback) for HAL_ADC_ErrorCallback
    stm32h7xx_hal_adc.o(i.ADC_DMAConvCplt) refers to stm32h7xx_hal_adc.o(i.LL_ADC_REG_IsTriggerSourceSWStart) for LL_ADC_REG_IsTriggerSourceSWStart
    stm32h7xx_hal_adc.o(i.ADC_DMAConvCplt) refers to stm32h7xx_hal_adc.o(i.HAL_ADC_ConvCpltCallback) for HAL_ADC_ConvCpltCallback
    stm32h7xx_hal_adc.o(i.ADC_DMAError) refers to stm32h7xx_hal_adc.o(i.HAL_ADC_ErrorCallback) for HAL_ADC_ErrorCallback
    stm32h7xx_hal_adc.o(i.ADC_DMAHalfConvCplt) refers to stm32h7xx_hal_adc.o(i.HAL_ADC_ConvHalfCpltCallback) for HAL_ADC_ConvHalfCpltCallback
[...]
    Removing stm32h7xx_hal_eth.o(.rrx_text), (6 bytes).
    Removing stm32h7xx_hal_eth_ex.o(.rev16_text), (4 bytes).
    Removing stm32h7xx_hal_eth_ex.o(.revsh_text), (4 bytes).
    Removing stm32h7xx_hal_eth_ex.o(.rrx_text), (6 bytes).
    Removing stm32h7xx_hal_exti.o(.rev16_text), (4 bytes).
    Removing stm32h7xx_hal_exti.o(.revsh_text), (4 bytes).
    Removing stm32h7xx_hal_exti.o(.rrx_text), (6 bytes).
    Removing stm32h7xx_hal_exti.o(i.HAL_EXTI_ClearConfigLine), (200 bytes).
    Removing stm32h7xx_hal_exti.o(i.HAL_EXTI_ClearPending), (28 bytes).
    Removing stm32h7xx_hal_exti.o(i.HAL_EXTI_GenerateSWI), (28 bytes).
    Removing stm32h7xx_hal_exti.o(i.HAL_EXTI_GetConfigLine), (248 bytes).
    Removing stm32h7xx_hal_exti.o(i.HAL_EXTI_GetHandle), (12 bytes).
    Removing stm32h7xx_hal_exti.o(i.HAL_EXTI_GetPending), (32 bytes).
    Removing stm32h7xx_hal_exti.o(i.HAL_EXTI_IRQHandler), (48 bytes).
    Removing stm32h7xx_hal_exti.o(i.HAL_EXTI_RegisterCallback), (18 bytes).
    Removing stm32h7xx_hal_exti.o(i.HAL_EXTI_SetConfigLine), (268 bytes).
    Removing stm32h7xx_hal_gpio.o(.rev16_text), (4 bytes).
    Removing stm32h7xx_hal_gpio.o(.revsh_text), (4 bytes).
    Removing stm32h7xx_hal_gpio.o(.rrx_text), (6 bytes).
    Removing stm32h7xx_hal_gpio.o(i.HAL_GPIO_DeInit), (352 bytes).
    Removing stm32h7xx_hal_gpio.o(i.HAL_GPIO_EXTI_Callback), (2 bytes).
    Removing stm32h7xx_hal_gpio.o(i.HAL_GPIO_LockPin), (34 bytes).
    Removing stm32h7xx_hal_gpio.o(i.HAL_GPIO_ReadPin), (10 bytes).
    Removing stm32h7xx_hal_gpio.o(i.HAL_GPIO_TogglePin), (14 bytes).
    Removing stm32h7xx_hal_pwr.o(.rev16_text), (4 bytes).
    Removing stm32h7xx_hal_pwr.o(.revsh_text), (4 bytes).
    Removing stm32h7xx_hal_pwr.o(.rrx_text), (6 bytes).
    Removing stm32h7xx_hal_pwr.o(i.HAL_PWR_ConfigPVD), (132 bytes).
    Removing stm32h7xx_hal_pwr.o(i.HAL_PWR_DeInit), (2 bytes).
    Removing stm32h7xx_hal_pwr.o(i.HAL_PWR_DisableBkUpAccess), (16 bytes).
    Removing stm32h7xx_hal_pwr.o(i.HAL_PWR_DisablePVD), (16 bytes).
    Removing stm32h7xx_hal_pwr.o(i.HAL_PWR_DisableSEVOnPend), (16 bytes).
    Removing stm32h7xx_hal_pwr.o(i.HAL_PWR_DisableSleepOnExit), (16 bytes).
    Removing stm32h7xx_hal_pwr.o(i.HAL_PWR_DisableWakeUpPin), (20 bytes).
    Removing stm32h7xx_hal_pwr.o(i.HAL_PWR_EnableBkUpAccess), (16 bytes).
    Removing stm32h7xx_hal_pwr.o(i.HAL_PWR_EnablePVD), (16 bytes).
    Removing stm32h7xx_hal_pwr.o(i.HAL_PWR_EnableSEVOnPend), (16 bytes).
    Removing stm32h7xx_hal_pwr.o(i.HAL_PWR_EnableSleepOnExit), (16 bytes).
    Removing stm32h7xx_hal_pwr.o(i.HAL_PWR_EnableWakeUpPin), (24 bytes).
    Removing stm32h7xx_hal_pwr.o(i.HAL_PWR_EnterSLEEPMode), (28 bytes).
    Removing stm32h7xx_hal_pwr.o(i.HAL_PWR_EnterSTANDBYMode), (48 bytes).
    Removing stm32h7xx_hal_pwr.o(i.HAL_PWR_EnterSTOPMode), (88 bytes).
    Removing stm32h7xx_hal_pwr.o(i.HAL_PWR_PVDCallback), (2 bytes).
    Removing stm32h7xx_hal_pwr.o(i.HAL_PWR_PVD_IRQHandler), (34 bytes).
    Removing stm32h7xx_hal_pwr_ex.o(.rev16_text), (4 bytes).
    Removing stm32h7xx_hal_pwr_ex.o(.revsh_text), (4 bytes).
    Removing stm32h7xx_hal_pwr_ex.o(.rrx_text), (6 bytes).
    Removing stm32h7xx_hal_pwr_ex.o(i.HAL_PWREx_AVDCallback), (2 bytes).
    Removing stm32h7xx_hal_pwr_ex.o(i.HAL_PWREx_ClearPendingEvent), (4 bytes).
    Removing stm32h7xx_hal_pwr_ex.o(i.HAL_PWREx_ClearWakeupFlag), (28 bytes).
    Removing stm32h7xx_hal_pwr_ex.o(i.HAL_PWREx_ConfigAVD), (132 bytes).
    Removing stm32h7xx_hal_pwr_ex.o(i.HAL_PWREx_ConfigD3Domain), (20 bytes).
    Removing stm32h7xx_hal_pwr_ex.o(i.HAL_PWREx_ControlStopModeVoltageScaling), (20 bytes).
    Removing stm32h7xx_hal_pwr_ex.o(i.HAL_PWREx_ControlVoltageScaling), (56 bytes).
    Removing stm32h7xx_hal_pwr_ex.o(i.HAL_PWREx_DisableAVD), (16 bytes).
    Removing stm32h7xx_hal_pwr_ex.o(i.HAL_PWREx_DisableBatteryCharging), (16 bytes).
    Removing stm32h7xx_hal_pwr_ex.o(i.HAL_PWREx_DisableBkUpReg), (56 bytes).
    Removing stm32h7xx_hal_pwr_ex.o(i.HAL_PWREx_DisableFlashPowerDown), (16 bytes).
    Removing stm32h7xx_hal_pwr_ex.o(i.HAL_PWREx_DisableMonitoring), (16 bytes).
    Removing stm32h7xx_hal_pwr_ex.o(i.HAL_PWREx_DisableUSBReg), (52 bytes).
    Removing stm32h7xx_hal_pwr_ex.o(i.HAL_PWREx_DisableUSBVoltageDetector), (16 bytes).
    Removing stm32h7xx_hal_pwr_ex.o(i.HAL_PWREx_DisableWakeUpPin), (16 bytes).
    Removing stm32h7xx_hal_pwr_ex.o(i.HAL_PWREx_EnableAVD), (16 bytes).
    Removing stm32h7xx_hal_pwr_ex.o(i.HAL_PWREx_EnableBatteryCharging), (28 bytes).
    Removing stm32h7xx_hal_pwr_ex.o(i.HAL_PWREx_EnableBkUpReg), (52 bytes).
    Removing stm32h7xx_hal_pwr_ex.o(i.HAL_PWREx_EnableFlashPowerDown), (16 bytes).
    Removing stm32h7xx_hal_pwr_ex.o(i.HAL_PWREx_EnableMonitoring), (16 bytes).
    Removing stm32h7xx_hal_pwr_ex.o(i.HAL_PWREx_EnableUSBReg), (52 bytes).
    Removing stm32h7xx_hal_pwr_ex.o(i.HAL_PWREx_EnableUSBVoltageDetector), (16 bytes).
    Removing stm32h7xx_hal_pwr_ex.o(i.HAL_PWREx_EnableWakeUpPin), (136 bytes).
    Removing stm32h7xx_hal_pwr_ex.o(i.HAL_PWREx_EnterSTANDBYMode), (56 bytes).
    Removing stm32h7xx_hal_pwr_ex.o(i.HAL_PWREx_EnterSTOPMode), (100 bytes).
    Removing stm32h7xx_hal_pwr_ex.o(i.HAL_PWREx_GetStopModeVoltageRange), (16 bytes).
    Removing stm32h7xx_hal_pwr_ex.o(i.HAL_PWREx_GetSupplyConfig), (16 bytes).
    Removing stm32h7xx_hal_pwr_ex.o(i.HAL_PWREx_GetTemperatureLevel), (32 bytes).
    Removing stm32h7xx_hal_pwr_ex.o(i.HAL_PWREx_GetVBATLevel), (32 bytes).
    Removing stm32h7xx_hal_pwr_ex.o(i.HAL_PWREx_GetVoltageRange), (16 bytes).
    Removing stm32h7xx_hal_pwr_ex.o(i.HAL_PWREx_GetWakeupFlag), (12 bytes).
    Removing stm32h7xx_hal_pwr_ex.o(i.HAL_PWREx_PVD_AVD_IRQHandler), (80 bytes).
    Removing stm32h7xx_hal_pwr_ex.o(i.HAL_PWREx_WAKEUP_PIN_IRQHandler), (124 bytes).
    Removing stm32h7xx_hal_pwr_ex.o(i.HAL_PWREx_WKUP1_Callback), (2 bytes).
    Removing stm32h7xx_hal_pwr_ex.o(i.HAL_PWREx_WKUP2_Callback), (2 bytes).
    Removing stm32h7xx_hal_pwr_ex.o(i.HAL_PWREx_WKUP3_Callback), (2 bytes).
    Removing stm32h7xx_hal_pwr_ex.o(i.HAL_PWREx_WKUP4_Callback), (2 bytes).
    Removing stm32h7xx_hal_pwr_ex.o(i.HAL_PWREx_WKUP5_Callback), (2 bytes).
    Removing stm32h7xx_hal_pwr_ex.o(i.HAL_PWREx_WKUP6_Callback), (2 bytes).
    Removing stm32h7xx_hal_rcc.o(.rev16_text), (4 bytes).
    Removing stm32h7xx_hal_rcc.o(.revsh_text), (4 bytes).
    Removing stm32h7xx_hal_rcc.o(.rrx_text), (6 bytes).
    Removing stm32h7xx_hal_rcc.o(i.HAL_RCC_CSSCallback), (2 bytes).
    Removing stm32h7xx_hal_rcc.o(i.HAL_RCC_DeInit), (376 bytes).
    Removing stm32h7xx_hal_rcc.o(i.HAL_RCC_DisableCSS), (16 bytes).
    Removing stm32h7xx_hal_rcc.o(i.HAL_RCC_EnableCSS), (16 bytes).
    Removing stm32h7xx_hal_rcc.o(i.HAL_RCC_GetClockConfig), (92 bytes).
    Removing stm32h7xx_hal_rcc.o(i.HAL_RCC_GetHCLKFreq), (44 bytes).
    Removing stm32h7xx_hal_rcc.o(i.HAL_RCC_GetOscConfig), (308 bytes).
    Removing stm32h7xx_hal_rcc.o(i.HAL_RCC_GetPCLK1Freq), (36 bytes).
    Removing stm32h7xx_hal_rcc.o(i.HAL_RCC_GetPCLK2Freq), (36 bytes).
    Removing stm32h7xx_hal_rcc.o(i.HAL_RCC_MCOConfig), (148 bytes).
    Removing stm32h7xx_hal_rcc.o(i.HAL_RCC_NMI_IRQHandler), (32 bytes).
    Removing stm32h7xx_hal_rcc_ex.o(.rev16_text), (4 bytes).
    Removing stm32h7xx_hal_rcc_ex.o(.revsh_text), (4 bytes).
    Removing stm32h7xx_hal_rcc_ex.o(.rrx_text), (6 bytes).
    Removing stm32h7xx_hal_rcc_ex.o(i.HAL_RCCEx_CRSConfig), (108 bytes).
    Removing stm32h7xx_hal_rcc_ex.o(i.HAL_RCCEx_CRSGetSynchronizationInfo), (40 bytes).
    Removing stm32h7xx_hal_rcc_ex.o(i.HAL_RCCEx_CRSSoftwareSynchronizationGenerate), (16 bytes).
    Removing stm32h7xx_hal_rcc_ex.o(i.HAL_RCCEx_CRSWaitSynchronization), (136 bytes).
    Removing stm32h7xx_hal_rcc_ex.o(i.HAL_RCCEx_CRS_ErrorCallback), (2 bytes).
    Removing stm32h7xx_hal_rcc_ex.o(i.HAL_RCCEx_CRS_ExpectedSyncCallback), (2 bytes).
    Removing stm32h7xx_hal_rcc_ex.o(i.HAL_RCCEx_CRS_IRQHandler), (116 bytes).
    Removing stm32h7xx_hal_rcc_ex.o(i.HAL_RCCEx_CRS_SyncOkCallback), (2 bytes).
    Removing stm32h7xx_hal_rcc_ex.o(i.HAL_RCCEx_CRS_SyncWarnCallback), (2 bytes).
    Removing stm32h7xx_hal_rcc_ex.o(i.HAL_RCCEx_DisableLSECSS), (28 bytes).
    Removing stm32h7xx_hal_rcc_ex.o(i.HAL_RCCEx_EnableLSECSS), (16 bytes).
    Removing stm32h7xx_hal_rcc_ex.o(i.HAL_RCCEx_GetD1PCLK1Freq), (36 bytes).
    Removing stm32h7xx_hal_rcc_ex.o(i.HAL_RCCEx_GetD1SysClockFreq), (44 bytes).
    Removing stm32h7xx_hal_rcc_ex.o(i.HAL_RCCEx_GetD3PCLK1Freq), (36 bytes).
    Removing stm32h7xx_hal_rcc_ex.o(i.HAL_RCCEx_GetPLL1ClockFreq), (324 bytes).
    Removing stm32h7xx_hal_rcc_ex.o(i.HAL_RCCEx_GetPLL2ClockFreq), (324 bytes).
    Removing stm32h7xx_hal_rcc_ex.o(i.HAL_RCCEx_GetPLL3ClockFreq), (324 bytes).
    Removing stm32h7xx_hal_rcc_ex.o(i.HAL_RCCEx_GetPeriphCLKConfig), (440 bytes).
    Removing stm32h7xx_hal_rcc_ex.o(i.HAL_RCCEx_GetPeriphCLKFreq), (408 bytes).
    Removing stm32h7xx_hal_rcc_ex.o(i.HAL_RCCEx_KerWakeUpStopCLKConfig), (20 bytes).
    Removing stm32h7xx_hal_rcc_ex.o(i.HAL_RCCEx_WWDGxSysResetConfig), (16 bytes).
    Removing stm32h7xx_hal_rcc_ex.o(i.HAL_RCCEx_WakeUpStopCLKConfig), (20 bytes).
    Removing stm32h7xx_hal_tim.o(.rev16_text), (4 bytes).
    Removing stm32h7xx_hal_tim.o(.revsh_text), (4 bytes).
    Removing stm32h7xx_hal_tim.o(.rrx_text), (6 bytes).
    Removing stm32h7xx_hal_tim.o(i.HAL_TIM_Base_DeInit), (56 bytes).
    Removing stm32h7xx_hal_tim.o(i.HAL_TIM_Base_GetState), (6 bytes).
    Removing stm32h7xx_hal_tim.o(i.HAL_TIM_Base_Init), (54 bytes).
    Removing stm32h7xx_hal_tim.o(i.HAL_TIM_Base_MspDeInit), (2 bytes).
    Removing stm32h7xx_hal_tim.o(i.HAL_TIM_Base_MspInit), (2 bytes).
    Removing stm32h7xx_hal_tim.o(i.HAL_TIM_Base_Start), (48 bytes).
    Removing stm32h7xx_hal_tim.o(i.HAL_TIM_Base_Start_DMA), (124 bytes).
    Removing stm32h7xx_hal_tim.o(i.HAL_TIM_Base_Start_IT), (44 bytes).
    Removing stm32h7xx_hal_tim.o(i.HAL_TIM_Base_Stop), (44 bytes).
    Removing stm32h7xx_hal_tim.o(i.HAL_TIM_Base_Stop_DMA), (58 bytes).
    Removing stm32h7xx_hal_tim.o(i.HAL_TIM_Base_Stop_IT), (42 bytes).
    Removing stm32h7xx_hal_tim.o(i.HAL_TIM_ConfigClockSource), (248 bytes).
    Removing stm32h7xx_hal_tim.o(i.HAL_TIM_ConfigOCrefClear), (270 bytes).
    Removing stm32h7xx_hal_tim.o(i.HAL_TIM_ConfigTI1Input), (16 bytes).
    Removing stm32h7xx_hal_tim.o(i.HAL_TIM_DMABurst_MultiReadStart), (332 bytes).
    Removing stm32h7xx_hal_tim.o(i.HAL_TIM_DMABurst_MultiWriteStart), (332 bytes).
    Removing stm32h7xx_hal_tim.o(i.HAL_TIM_DMABurst_ReadStart), (18 bytes).
    Removing stm32h7xx_hal_tim.o(i.HAL_TIM_DMABurst_ReadStop), (102 bytes).
    Removing stm32h7xx_hal_tim.o(i.HAL_TIM_DMABurst_WriteStart), (18 bytes).
    Removing stm32h7xx_hal_tim.o(i.HAL_TIM_DMABurst_WriteStop), (102 bytes).
    Removing stm32h7xx_hal_tim.o(i.HAL_TIM_Encoder_DeInit), (56 bytes).
    Removing stm32h7xx_hal_tim.o(i.HAL_TIM_Encoder_GetState), (6 bytes).
    Removing stm32h7xx_hal_tim.o(i.HAL_TIM_Encoder_Init), (168 bytes).
    Removing stm32h7xx_hal_tim.o(i.HAL_TIM_Encoder_MspDeInit), (2 bytes).
    Removing stm32h7xx_hal_tim.o(i.HAL_TIM_Encoder_MspInit), (2 bytes).
    Removing stm32h7xx_hal_tim.o(i.HAL_TIM_Encoder_Start), (52 bytes).
    Removing stm32h7xx_hal_tim.o(i.HAL_TIM_Encoder_Start_DMA), (312 bytes).
    Removing stm32h7xx_hal_tim.o(i.HAL_TIM_Encoder_Start_IT), (92 bytes).
    Removing stm32h7xx_hal_tim.o(i.HAL_TIM_Encoder_Stop), (70 bytes).
    Removing stm32h7xx_hal_tim.o(i.HAL_TIM_Encoder_Stop_DMA), (144 bytes).
    Removing stm32h7xx_hal_tim.o(i.HAL_TIM_Encoder_Stop_IT), (116 bytes).
    Removing stm32h7xx_hal_tim.o(i.HAL_TIM_ErrorCallback), (2 bytes).
    Removing stm32h7xx_hal_tim.o(i.HAL_TIM_GenerateEvent), (40 bytes).
    Removing stm32h7xx_hal_tim.o(i.HAL_TIM_IC_CaptureCallback), (2 bytes).
    Removing stm32h7xx_hal_tim.o(i.HAL_TIM_IC_CaptureHalfCpltCallback), (2 bytes).
    Removing stm32h7xx_hal_tim.o(i.HAL_TIM_IC_ConfigChannel), (288 bytes).
    Removing stm32h7xx_hal_tim.o(i.HAL_TIM_IC_DeInit), (56 bytes).
    Removing stm32h7xx_hal_tim.o(i.HAL_TIM_IC_GetState), (6 bytes).
    Removing stm32h7xx_hal_tim.o(i.HAL_TIM_IC_Init), (54 bytes).
    Removing stm32h7xx_hal_tim.o(i.HAL_TIM_IC_MspDeInit), (2 bytes).
    Removing stm32h7xx_hal_tim.o(i.HAL_TIM_IC_MspInit), (2 bytes).
    Removing stm32h7xx_hal_tim.o(i.HAL_TIM_IC_Start), (48 bytes).
    Removing stm32h7xx_hal_tim.o(i.HAL_TIM_IC_Start_DMA), (260 bytes).
    Removing stm32h7xx_hal_tim.o(i.HAL_TIM_IC_Start_IT), (96 bytes).
    Removing stm32h7xx_hal_tim.o(i.HAL_TIM_IC_Stop), (44 bytes).
    Removing stm32h7xx_hal_tim.o(i.HAL_TIM_IC_Stop_DMA), (122 bytes).
    Removing stm32h7xx_hal_tim.o(i.HAL_TIM_IC_Stop_IT), (94 bytes).
    Removing stm32h7xx_hal_tim.o(i.HAL_TIM_IRQHandler), (386 bytes).
    Removing stm32h7xx_hal_tim.o(i.HAL_TIM_OC_ConfigChannel), (114 bytes).
    Removing stm32h7xx_hal_tim.o(i.HAL_TIM_OC_DeInit), (56 bytes).
    Removing stm32h7xx_hal_tim.o(i.HAL_TIM_OC_DelayElapsedCallback), (2 bytes).
    Removing stm32h7xx_hal_tim.o(i.HAL_TIM_OC_GetState), (6 bytes).
    Removing stm32h7xx_hal_tim.o(i.HAL_TIM_OC_Init), (54 bytes).
    Removing stm32h7xx_hal_tim.o(i.HAL_TIM_OC_MspDeInit), (2 bytes).
    Removing stm32h7xx_hal_tim.o(i.HAL_TIM_OC_MspInit), (2 bytes).
    Removing stm32h7xx_hal_tim.o(i.HAL_TIM_OC_Start), (108 bytes).
    Removing stm32h7xx_hal_tim.o(i.HAL_TIM_OC_Start_DMA), (332 bytes).
    Removing stm32h7xx_hal_tim.o(i.HAL_TIM_OC_Start_IT), (156 bytes).
    Removing stm32h7xx_hal_tim.o(i.HAL_TIM_OC_Stop), (116 bytes).
    Removing stm32h7xx_hal_tim.o(i.HAL_TIM_OC_Stop_DMA), (196 bytes).
    Removing stm32h7xx_hal_tim.o(i.HAL_TIM_OC_Stop_IT), (168 bytes).
    Removing stm32h7xx_hal_tim.o(i.HAL_TIM_OnePulse_ConfigChannel), (236 bytes).
    Removing stm32h7xx_hal_tim.o(i.HAL_TIM_OnePulse_DeInit), (56 bytes).
    Removing stm32h7xx_hal_tim.o(i.HAL_TIM_OnePulse_GetState), (6 bytes).
    Removing stm32h7xx_hal_tim.o(i.HAL_TIM_OnePulse_Init), (74 bytes).
    Removing stm32h7xx_hal_tim.o(i.HAL_TIM_OnePulse_MspDeInit), (2 bytes).
    Removing stm32h7xx_hal_tim.o(i.HAL_TIM_OnePulse_MspInit), (2 bytes).
    Removing stm32h7xx_hal_tim.o(i.HAL_TIM_OnePulse_Start), (88 bytes).
    Removing stm32h7xx_hal_tim.o(i.HAL_TIM_OnePulse_Start_IT), (108 bytes).
    Removing stm32h7xx_hal_tim.o(i.HAL_TIM_OnePulse_Stop), (128 bytes).
    Removing stm32h7xx_hal_tim.o(i.HAL_TIM_OnePulse_Stop_IT), (148 bytes).
    Removing stm32h7xx_hal_tim.o(i.HAL_TIM_PWM_ConfigChannel), (296 bytes).
    Removing stm32h7xx_hal_tim.o(i.HAL_TIM_PWM_DeInit), (56 bytes).
    Removing stm32h7xx_hal_tim.o(i.HAL_TIM_PWM_GetState), (6 bytes).
    Removing stm32h7xx_hal_tim.o(i.HAL_TIM_PWM_Init), (54 bytes).
    Removing stm32h7xx_hal_tim.o(i.HAL_TIM_PWM_MspDeInit), (2 bytes).
    Removing stm32h7xx_hal_tim.o(i.HAL_TIM_PWM_MspInit), (2 bytes).
    Removing stm32h7xx_hal_tim.o(i.HAL_TIM_PWM_PulseFinishedCallback), (2 bytes).
    Removing stm32h7xx_hal_tim.o(i.HAL_TIM_PWM_PulseFinishedHalfCpltCallback), (2 bytes).
    Removing stm32h7xx_hal_tim.o(i.HAL_TIM_PWM_Start), (108 bytes).
    Removing stm32h7xx_hal_tim.o(i.HAL_TIM_PWM_Start_DMA), (332 bytes).
    Removing stm32h7xx_hal_tim.o(i.HAL_TIM_PWM_Start_IT), (156 bytes).
    Removing stm32h7xx_hal_tim.o(i.HAL_TIM_PWM_Stop), (124 bytes).
    Removing stm32h7xx_hal_tim.o(i.HAL_TIM_PWM_Stop_DMA), (196 bytes).
    Removing stm32h7xx_hal_tim.o(i.HAL_TIM_PWM_Stop_IT), (168 bytes).
    Removing stm32h7xx_hal_tim.o(i.HAL_TIM_PeriodElapsedCallback), (2 bytes).
    Removing stm32h7xx_hal_tim.o(i.HAL_TIM_PeriodElapsedHalfCpltCallback), (2 bytes).
    Removing stm32h7xx_hal_tim.o(i.HAL_TIM_ReadCapturedValue), (44 bytes).
    Removing stm32h7xx_hal_tim.o(i.HAL_TIM_SlaveConfigSynchro), (86 bytes).
    Removing stm32h7xx_hal_tim.o(i.HAL_TIM_SlaveConfigSynchro_IT), (86 bytes).
    Removing stm32h7xx_hal_tim.o(i.HAL_TIM_TriggerCallback), (2 bytes).
    Removing stm32h7xx_hal_tim.o(i.HAL_TIM_TriggerHalfCpltCallback), (2 bytes).
    Removing stm32h7xx_hal_tim.o(i.TIM_Base_SetConfig), (196 bytes).
    Removing stm32h7xx_hal_tim.o(i.TIM_CCxChannelCmd), (26 bytes).
    Removing stm32h7xx_hal_tim.o(i.TIM_DMACaptureCplt), (62 bytes).
    Removing stm32h7xx_hal_tim.o(i.TIM_DMACaptureHalfCplt), (62 bytes).
    Removing stm32h7xx_hal_tim.o(i.TIM_DMADelayPulseCplt), (62 bytes).
    Removing stm32h7xx_hal_tim.o(i.TIM_DMADelayPulseHalfCplt), (62 bytes).
    Removing stm32h7xx_hal_tim.o(i.TIM_DMAError), (16 bytes).
    Removing stm32h7xx_hal_tim.o(i.TIM_DMAPeriodElapsedCplt), (16 bytes).
    Removing stm32h7xx_hal_tim.o(i.TIM_DMAPeriodElapsedHalfCplt), (16 bytes).
    Removing stm32h7xx_hal_tim.o(i.TIM_DMATriggerCplt), (16 bytes).
    Removing stm32h7xx_hal_tim.o(i.TIM_DMATriggerHalfCplt), (16 bytes).
    Removing stm32h7xx_hal_tim.o(i.TIM_ETR_SetConfig), (18 bytes).
    Removing stm32h7xx_hal_tim.o(i.TIM_ITRx_SetConfig), (20 bytes).
    Removing stm32h7xx_hal_tim.o(i.TIM_OC1_SetConfig), (168 bytes).
    Removing stm32h7xx_hal_tim.o(i.TIM_OC2_SetConfig), (152 bytes).
    Removing stm32h7xx_hal_tim.o(i.TIM_OC3_SetConfig), (140 bytes).
    Removing stm32h7xx_hal_tim.o(i.TIM_OC4_SetConfig), (108 bytes).
    Removing stm32h7xx_hal_tim.o(i.TIM_OC5_SetConfig), (108 bytes).
    Removing stm32h7xx_hal_tim.o(i.TIM_OC6_SetConfig), (108 bytes).
    Removing stm32h7xx_hal_tim.o(i.TIM_SlaveTimer_SetConfig), (156 bytes).
    Removing stm32h7xx_hal_tim.o(i.TIM_TI1_ConfigInputStage), (34 bytes).
    Removing stm32h7xx_hal_tim.o(i.TIM_TI1_SetConfig), (128 bytes).
    Removing stm32h7xx_hal_tim.o(i.TIM_TI2_ConfigInputStage), (36 bytes).
    Removing stm32h7xx_hal_tim.o(i.TIM_TI2_SetConfig), (54 bytes).
    Removing stm32h7xx_hal_tim_ex.o(.rev16_text), (4 bytes).
    Removing stm32h7xx_hal_tim_ex.o(.revsh_text), (4 bytes).
    Removing stm32h7xx_hal_tim_ex.o(.rrx_text), (6 bytes).
    Removing stm32h7xx_hal_tim_ex.o(i.HAL_TIMEx_Break2Callback), (2 bytes).
    Removing stm32h7xx_hal_tim_ex.o(i.HAL_TIMEx_BreakCallback), (2 bytes).
    Removing stm32h7xx_hal_tim_ex.o(i.HAL_TIMEx_CommutCallback), (2 bytes).
    Removing stm32h7xx_hal_tim_ex.o(i.HAL_TIMEx_CommutHalfCpltCallback), (2 bytes).
    Removing stm32h7xx_hal_tim_ex.o(i.HAL_TIMEx_ConfigBreakDeadTime), (160 bytes).
    Removing stm32h7xx_hal_tim_ex.o(i.HAL_TIMEx_ConfigBreakInput), (202 bytes).
    Removing stm32h7xx_hal_tim_ex.o(i.HAL_TIMEx_ConfigCommutEvent), (116 bytes).
    Removing stm32h7xx_hal_tim_ex.o(i.HAL_TIMEx_ConfigCommutEvent_DMA), (148 bytes).
    Removing stm32h7xx_hal_tim_ex.o(i.HAL_TIMEx_ConfigCommutEvent_IT), (116 bytes).
    Removing stm32h7xx_hal_tim_ex.o(i.HAL_TIMEx_GroupChannel5), (58 bytes).
    Removing stm32h7xx_hal_tim_ex.o(i.HAL_TIMEx_HallSensor_DeInit), (56 bytes).
    Removing stm32h7xx_hal_tim_ex.o(i.HAL_TIMEx_HallSensor_GetState), (6 bytes).
    Removing stm32h7xx_hal_tim_ex.o(i.HAL_TIMEx_HallSensor_Init), (200 bytes).
    Removing stm32h7xx_hal_tim_ex.o(i.HAL_TIMEx_HallSensor_MspDeInit), (2 bytes).
    Removing stm32h7xx_hal_tim_ex.o(i.HAL_TIMEx_HallSensor_MspInit), (2 bytes).
    Removing stm32h7xx_hal_tim_ex.o(i.HAL_TIMEx_HallSensor_Start), (48 bytes).
    Removing stm32h7xx_hal_tim_ex.o(i.HAL_TIMEx_HallSensor_Start_DMA), (140 bytes).
    Removing stm32h7xx_hal_tim_ex.o(i.HAL_TIMEx_HallSensor_Start_IT), (60 bytes).
    Removing stm32h7xx_hal_tim_ex.o(i.HAL_TIMEx_HallSensor_Stop), (46 bytes).
    Removing stm32h7xx_hal_tim_ex.o(i.HAL_TIMEx_HallSensor_Stop_DMA), (62 bytes).
    Removing stm32h7xx_hal_tim_ex.o(i.HAL_TIMEx_HallSensor_Stop_IT), (56 bytes).
    Removing stm32h7xx_hal_tim_ex.o(i.HAL_TIMEx_MasterConfigSynchronization), (96 bytes).
    Removing stm32h7xx_hal_tim_ex.o(i.HAL_TIMEx_OCN_Start), (56 bytes).
    Removing stm32h7xx_hal_tim_ex.o(i.HAL_TIMEx_OCN_Start_DMA), (240 bytes).
    Removing stm32h7xx_hal_tim_ex.o(i.HAL_TIMEx_OCN_Start_IT), (104 bytes).
    Removing stm32h7xx_hal_tim_ex.o(i.HAL_TIMEx_OCN_Stop), (66 bytes).
    Removing stm32h7xx_hal_tim_ex.o(i.HAL_TIMEx_OCN_Stop_DMA), (128 bytes).
    Removing stm32h7xx_hal_tim_ex.o(i.HAL_TIMEx_OCN_Stop_IT), (122 bytes).
    Removing stm32h7xx_hal_tim_ex.o(i.HAL_TIMEx_OnePulseN_Start), (26 bytes).
    Removing stm32h7xx_hal_tim_ex.o(i.HAL_TIMEx_OnePulseN_Start_IT), (46 bytes).
    Removing stm32h7xx_hal_tim_ex.o(i.HAL_TIMEx_OnePulseN_Stop), (66 bytes).
    Removing stm32h7xx_hal_tim_ex.o(i.HAL_TIMEx_OnePulseN_Stop_IT), (86 bytes).
    Removing stm32h7xx_hal_tim_ex.o(i.HAL_TIMEx_PWMN_Start), (56 bytes).
    Removing stm32h7xx_hal_tim_ex.o(i.HAL_TIMEx_PWMN_Start_DMA), (240 bytes).
    Removing stm32h7xx_hal_tim_ex.o(i.HAL_TIMEx_PWMN_Start_IT), (104 bytes).
    Removing stm32h7xx_hal_tim_ex.o(i.HAL_TIMEx_PWMN_Stop), (66 bytes).
    Removing stm32h7xx_hal_tim_ex.o(i.HAL_TIMEx_PWMN_Stop_DMA), (128 bytes).
    Removing stm32h7xx_hal_tim_ex.o(i.HAL_TIMEx_PWMN_Stop_IT), (122 bytes).
    Removing stm32h7xx_hal_tim_ex.o(i.HAL_TIMEx_RemapConfig), (42 bytes).
    Removing stm32h7xx_hal_tim_ex.o(i.HAL_TIMEx_TISelection), (96 bytes).
    Removing stm32h7xx_hal_tim_ex.o(i.TIMEx_DMACommutationCplt), (16 bytes).
    Removing stm32h7xx_hal_tim_ex.o(i.TIMEx_DMACommutationHalfCplt), (16 bytes).
    Removing stm32h7xx_hal_tim_ex.o(i.TIM_CCxNChannelCmd), (26 bytes).
    Removing driver_adc.o(.rev16_text), (4 bytes).
    Removing driver_adc.o(.revsh_text), (4 bytes).
    Removing driver_adc.o(.rrx_text), (6 bytes).
    Removing driver_eth.o(.rev16_text), (4 bytes).
    Removing driver_eth.o(.revsh_text), (4 bytes).
    Removing driver_eth.o(.rrx_text), (6 bytes).
    Removing driver_key.o(.rev16_text), (4 bytes).
    Removing driver_key.o(.revsh_text), (4 bytes).
    Removing driver_key.o(.rrx_text), (6 bytes).
    Removing driver_key.o(i.KeyInit), (60 bytes).
    Removing driver_led.o(.rev16_text), (4 bytes).
    Removing driver_led.o(.revsh_text), (4 bytes).
    Removing driver_led.o(.rrx_text), (6 bytes).
    Removing driver_tim.o(.rev16_text), (4 bytes).
    Removing driver_tim.o(.revsh_text), (4 bytes).
    Removing driver_tim.o(.rrx_text), (6 bytes).
    Removing system_stm32h7xx_1.o(.rev16_text), (4 bytes).
    Removing system_stm32h7xx_1.o(.revsh_text), (4 bytes).
    Removing system_stm32h7xx_1.o(.rrx_text), (6 bytes).
    Removing system_stm32h7xx_1.o(i.SystemCoreClockUpdate), (336 bytes).

497 unused section(s) (total 42238 bytes) removed from the image.

==============================================================================

Image Symbol Table

    Local Symbols

    Symbol Name                              Value     Ov Type        Size  Object(Section)

    ../clib/angel/boardlib.s                 0x00000000   Number         0  boardshut.o ABSOLUTE
    ../clib/angel/boardlib.s                 0x00000000   Number         0  boardinit1.o ABSOLUTE
    ../clib/angel/boardlib.s                 0x00000000   Number         0  boardinit2.o ABSOLUTE
    ../clib/angel/boardlib.s                 0x00000000   Number         0  boardinit3.o ABSOLUTE
    ../clib/angel/handlers.s                 0x00000000   Number         0  __scatter_copy.o ABSOLUTE
    ../clib/angel/handlers.s                 0x00000000   Number         0  __scatter_zi.o ABSOLUTE
    ../clib/angel/kernel.s                   0x00000000   Number         0  rtexit.o ABSOLUTE
    ../clib/angel/kernel.s                   0x00000000   Number         0  __rtentry.o ABSOLUTE
    ../clib/angel/kernel.s                   0x00000000   Number         0  __rtentry2.o ABSOLUTE
    ../clib/angel/kernel.s                   0x00000000   Number         0  __rtentry4.o ABSOLUTE
    ../clib/angel/kernel.s                   0x00000000   Number         0  rtexit2.o ABSOLUTE
    ../clib/angel/rt.s                       0x00000000   Number         0  rt_raise.o ABSOLUTE
    ../clib/angel/scatter.s                  0x00000000   Number         0  __scatter.o ABSOLUTE
    ../clib/angel/startup.s                  0x00000000   Number         0  __main.o ABSOLUTE
    ../clib/angel/sys.s                      0x00000000   Number         0  use_no_semi.o ABSOLUTE
    ../clib/angel/sys.s                      0x00000000   Number         0  indicate_semi.o ABSOLUTE
    ../clib/angel/sys.s                      0x00000000   Number         0  libspace.o ABSOLUTE
    ../clib/angel/sys.s                      0x00000000   Number         0  sys_stackheap_outer.o ABSOLUTE
    ../clib/angel/sysapp.c                   0x00000000   Number         0  sys_wrch.o ABSOLUTE
    ../clib/angel/sysapp.c                   0x00000000   Number         0  sys_command.o ABSOLUTE
    ../clib/angel/sysapp.c                   0x00000000   Number         0  sys_exit.o ABSOLUTE
    ../clib/armsys.c                         0x00000000   Number         0  argv_veneer.o ABSOLUTE
    ../clib/armsys.c                         0x00000000   Number         0  no_argv.o ABSOLUTE
    ../clib/armsys.c                         0x00000000   Number         0  _get_argv_nomalloc.o ABSOLUTE
    ../clib/armsys.c                         0x00000000   Number         0  argv_veneer.o ABSOLUTE
    ../clib/heapalloc.c                      0x00000000   Number         0  hrguard.o ABSOLUTE
    ../clib/heapaux.c                        0x00000000   Number         0  heapauxi.o ABSOLUTE
    ../clib/libinit.s                        0x00000000   Number         0  libinit2.o ABSOLUTE
    ../clib/libinit.s                        0x00000000   Number         0  libinit.o ABSOLUTE
    ../clib/libinit.s                        0x00000000   Number         0  libshutdown2.o ABSOLUTE
    ../clib/libinit.s                        0x00000000   Number         0  libshutdown.o ABSOLUTE
    ../clib/memcpset.s                       0x00000000   Number         0  rt_memclr_w.o ABSOLUTE
    ../clib/signal.c                         0x00000000   Number         0  defsig_other.o ABSOLUTE
    ../clib/signal.c                         0x00000000   Number         0  defsig_segv_inner.o ABSOLUTE
    ../clib/signal.c                         0x00000000   Number         0  defsig_cppl_inner.o ABSOLUTE
    ../clib/signal.c                         0x00000000   Number         0  defsig_stak_inner.o ABSOLUTE
    ../clib/signal.c                         0x00000000   Number         0  defsig_pvfn_inner.o ABSOLUTE
    ../clib/signal.c                         0x00000000   Number         0  defsig_abrt_inner.o ABSOLUTE
    ../clib/signal.c                         0x00000000   Number         0  defsig_general.o ABSOLUTE
    ../clib/signal.c                         0x00000000   Number         0  __raise.o ABSOLUTE
    ../clib/signal.c                         0x00000000   Number         0  defsig_rtmem_inner.o ABSOLUTE
    ../clib/signal.c                         0x00000000   Number         0  defsig_rtred_inner.o ABSOLUTE
    ../clib/signal.c                         0x00000000   Number         0  defsig_exit.o ABSOLUTE
    ../clib/signal.c                         0x00000000   Number         0  defsig_rtmem_formal.o ABSOLUTE
    ../clib/signal.c                         0x00000000   Number         0  defsig_rtmem_outer.o ABSOLUTE
    ../clib/signal.c                         0x00000000   Number         0  defsig_fpe_inner.o ABSOLUTE
    ../clib/signal.s                         0x00000000   Number         0  defsig.o ABSOLUTE
    ../clib/stdlib.c                         0x00000000   Number         0  exit.o ABSOLUTE
    ../fplib/fpinit.s                        0x00000000   Number         0  fpinit.o ABSOLUTE
    ..\CPU\stm32h7xx_it.c                    0x00000000   Number         0  stm32h7xx_it.o ABSOLUTE
    ..\Driver\driver_adc.c                   0x00000000   Number         0  driver_adc.o ABSOLUTE
    ..\Driver\driver_eth.c                   0x00000000   Number         0  driver_eth.o ABSOLUTE
    ..\Driver\driver_key.c                   0x00000000   Number         0  driver_key.o ABSOLUTE
    ..\Driver\driver_led.c                   0x00000000   Number         0  driver_led.o ABSOLUTE
    ..\Driver\driver_tim.c                   0x00000000   Number         0  driver_tim.o ABSOLUTE
    ..\Main\main.c                           0x00000000   Number         0  main.o ABSOLUTE
    ..\Main\system_clk.c                     0x00000000   Number         0  system_clk.o ABSOLUTE
    ..\SDK\STM32H7xx_HAL_Driver\Src\stm32h7xx_hal.c 0x00000000   Number         0  stm32h7xx_hal.o ABSOLUTE
    ..\SDK\STM32H7xx_HAL_Driver\Src\stm32h7xx_hal_adc.c 0x00000000   Number         0  stm32h7xx_hal_adc.o ABSOLUTE
    ..\SDK\STM32H7xx_HAL_Driver\Src\stm32h7xx_hal_adc_ex.c 0x00000000   Number         0  stm32h7xx_hal_adc_ex.o ABSOLUTE
    ..\SDK\STM32H7xx_HAL_Driver\Src\stm32h7xx_hal_cortex.c 0x00000000   Number         0  stm32h7xx_hal_cortex.o ABSOLUTE
    ..\SDK\STM32H7xx_HAL_Driver\Src\stm32h7xx_hal_dma.c 0x00000000   Number         0  stm32h7xx_hal_dma.o ABSOLUTE
    ..\SDK\STM32H7xx_HAL_Driver\Src\stm32h7xx_hal_dma_ex.c 0x00000000   Number         0  stm32h7xx_hal_dma_ex.o ABSOLUTE
    ..\SDK\STM32H7xx_HAL_Driver\Src\stm32h7xx_hal_eth.c 0x00000000   Number         0  stm32h7xx_hal_eth.o ABSOLUTE
    ..\SDK\STM32H7xx_HAL_Driver\Src\stm32h7xx_hal_eth_ex.c 0x00000000   Number         0  stm32h7xx_hal_eth_ex.o ABSOLUTE
    ..\SDK\STM32H7xx_HAL_Driver\Src\stm32h7xx_hal_exti.c 0x00000000   Number         0  stm32h7xx_hal_exti.o ABSOLUTE
    ..\SDK\STM32H7xx_HAL_Driver\Src\stm32h7xx_hal_gpio.c 0x00000000   Number         0  stm32h7xx_hal_gpio.o ABSOLUTE
    ..\SDK\STM32H7xx_HAL_Driver\Src\stm32h7xx_hal_pwr.c 0x00000000   Number         0  stm32h7xx_hal_pwr.o ABSOLUTE
    ..\SDK\STM32H7xx_HAL_Driver\Src\stm32h7xx_hal_pwr_ex.c 0x00000000   Number         0  stm32h7xx_hal_pwr_ex.o ABSOLUTE
    ..\SDK\STM32H7xx_HAL_Driver\Src\stm32h7xx_hal_rcc.c 0x00000000   Number         0  stm32h7xx_hal_rcc.o ABSOLUTE
    ..\SDK\STM32H7xx_HAL_Driver\Src\stm32h7xx_hal_rcc_ex.c 0x00000000   Number         0  stm32h7xx_hal_rcc_ex.o ABSOLUTE
    ..\SDK\STM32H7xx_HAL_Driver\Src\stm32h7xx_hal_tim.c 0x00000000   Number         0  stm32h7xx_hal_tim.o ABSOLUTE
    ..\SDK\STM32H7xx_HAL_Driver\Src\stm32h7xx_hal_tim_ex.c 0x00000000   Number         0  stm32h7xx_hal_tim_ex.o ABSOLUTE
    ..\\CPU\\stm32h7xx_it.c                  0x00000000   Number         0  stm32h7xx_it.o ABSOLUTE
    ..\\Driver\\driver_adc.c                 0x00000000   Number         0  driver_adc.o ABSOLUTE
    ..\\Driver\\driver_eth.c                 0x00000000   Number         0  driver_eth.o ABSOLUTE
    ..\\Driver\\driver_key.c                 0x00000000   Number         0  driver_key.o ABSOLUTE
    ..\\Driver\\driver_led.c                 0x00000000   Number         0  driver_led.o ABSOLUTE
    ..\\Driver\\driver_tim.c                 0x00000000   Number         0  driver_tim.o ABSOLUTE
    ..\\Main\\main.c                         0x00000000   Number         0  main.o ABSOLUTE
    ..\\Main\\system_clk.c                   0x00000000   Number         0  system_clk.o ABSOLUTE
    ..\\SDK\\STM32H7xx_HAL_Driver\\Src\\stm32h7xx_hal.c 0x00000000   Number         0  stm32h7xx_hal.o ABSOLUTE
    ..\\SDK\\STM32H7xx_HAL_Driver\\Src\\stm32h7xx_hal_adc.c 0x00000000   Number         0  stm32h7xx_hal_adc.o ABSOLUTE
    ..\\SDK\\STM32H7xx_HAL_Driver\\Src\\stm32h7xx_hal_adc_ex.c 0x00000000   Number         0  stm32h7xx_hal_adc_ex.o ABSOLUTE
    ..\\SDK\\STM32H7xx_HAL_Driver\\Src\\stm32h7xx_hal_cortex.c 0x00000000   Number         0  stm32h7xx_hal_cortex.o ABSOLUTE
    ..\\SDK\\STM32H7xx_HAL_Driver\\Src\\stm32h7xx_hal_dma.c 0x00000000   Number         0  stm32h7xx_hal_dma.o ABSOLUTE
    ..\\SDK\\STM32H7xx_HAL_Driver\\Src\\stm32h7xx_hal_dma_ex.c 0x00000000   Number         0  stm32h7xx_hal_dma_ex.o ABSOLUTE
    ..\\SDK\\STM32H7xx_HAL_Driver\\Src\\stm32h7xx_hal_eth.c 0x00000000   Number         0  stm32h7xx_hal_eth.o ABSOLUTE
    ..\\SDK\\STM32H7xx_HAL_Driver\\Src\\stm32h7xx_hal_eth_ex.c 0x00000000   Number         0  stm32h7xx_hal_eth_ex.o ABSOLUTE
    ..\\SDK\\STM32H7xx_HAL_Driver\\Src\\stm32h7xx_hal_exti.c 0x00000000   Number         0  stm32h7xx_hal_exti.o ABSOLUTE
    ..\\SDK\\STM32H7xx_HAL_Driver\\Src\\stm32h7xx_hal_gpio.c 0x00000000   Number         0  stm32h7xx_hal_gpio.o ABSOLUTE
    ..\\SDK\\STM32H7xx_HAL_Driver\\Src\\stm32h7xx_hal_pwr.c 0x00000000   Number         0  stm32h7xx_hal_pwr.o ABSOLUTE
    ..\\SDK\\STM32H7xx_HAL_Driver\\Src\\stm32h7xx_hal_pwr_ex.c 0x00000000   Number         0  stm32h7xx_hal_pwr_ex.o ABSOLUTE
    ..\\SDK\\STM32H7xx_HAL_Driver\\Src\\stm32h7xx_hal_rcc.c 0x00000000   Number         0  stm32h7xx_hal_rcc.o ABSOLUTE
    ..\\SDK\\STM32H7xx_HAL_Driver\\Src\\stm32h7xx_hal_rcc_ex.c 0x00000000   Number         0  stm32h7xx_hal_rcc_ex.o ABSOLUTE
    ..\\SDK\\STM32H7xx_HAL_Driver\\Src\\stm32h7xx_hal_tim.c 0x00000000   Number         0  stm32h7xx_hal_tim.o ABSOLUTE
    ..\\SDK\\STM32H7xx_HAL_Driver\\Src\\stm32h7xx_hal_tim_ex.c 0x00000000   Number         0  stm32h7xx_hal_tim_ex.o ABSOLUTE
    RTE\Device\STM32H743ZITx\startup_stm32h743xx.s 0x00000000   Number         0  startup_stm32h743xx_1.o ABSOLUTE
    RTE\Device\STM32H743ZITx\system_stm32h7xx.c 0x00000000   Number         0  system_stm32h7xx_1.o ABSOLUTE
    RTE\\Device\\STM32H743ZITx\\system_stm32h7xx.c 0x00000000   Number         0  system_stm32h7xx_1.o ABSOLUTE
    dc.s                                     0x00000000   Number         0  dc.o ABSOLUTE
    RESET                                    0x08000000   Section      664  startup_stm32h743xx_1.o(RESET)
    !!!main                                  0x08000298   Section        8  __main.o(!!!main)
    !!!scatter                               0x080002a0   Section       52  __scatter.o(!!!scatter)
    !!handler_copy                           0x080002d4   Section       26  __scatter_copy.o(!!handler_copy)
    !!handler_zi                             0x080002f0   Section       28  __scatter_zi.o(!!handler_zi)
    .ARM.Collect$$libshutdown$$00000000      0x0800030c   Section        2  libshutdown.o(.ARM.Collect$$libshutdown$$00000000)
    .ARM.Collect$$libshutdown$$00000002      0x0800030e   Section        0  libshutdown2.o(.ARM.Collect$$libshutdown$$00000002)
    .ARM.Collect$$libshutdown$$00000004      0x0800030e   Section        0  libshutdown2.o(.ARM.Collect$$libshutdown$$00000004)
    .ARM.Collect$$libshutdown$$00000007      0x0800030e   Section        0  libshutdown2.o(.ARM.Collect$$libshutdown$$00000007)
    .ARM.Collect$$libshutdown$$0000000A      0x0800030e   Section        0  libshutdown2.o(.ARM.Collect$$libshutdown$$0000000A)
    .ARM.Collect$$libshutdown$$0000000C      0x0800030e   Section        0  libshutdown2.o(.ARM.Collect$$libshutdown$$0000000C)
    .ARM.Collect$$libshutdown$$0000000F      0x0800030e   Section        0  libshutdown2.o(.ARM.Collect$$libshutdown$$0000000F)
    .ARM.Collect$$libshutdown$$00000010      0x0800030e   Section        2  libshutdown2.o(.ARM.Collect$$libshutdown$$00000010)
    .ARM.Collect$$rtentry$$00000000          0x08000310   Section        0  __rtentry.o(.ARM.Collect$$rtentry$$00000000)
    .ARM.Collect$$rtentry$$00000002          0x08000310   Section        0  __rtentry2.o(.ARM.Collect$$rtentry$$00000002)
    .ARM.Collect$$rtentry$$00000004          0x08000310   Section        6  __rtentry4.o(.ARM.Collect$$rtentry$$00000004)
    .ARM.Collect$$rtentry$$00000009          0x08000316   Section        0  __rtentry2.o(.ARM.Collect$$rtentry$$00000009)
    .ARM.Collect$$rtentry$$0000000A          0x08000316   Section        4  __rtentry2.o(.ARM.Collect$$rtentry$$0000000A)
    .ARM.Collect$$rtentry$$0000000C          0x0800031a   Section        0  __rtentry2.o(.ARM.Collect$$rtentry$$0000000C)
    .ARM.Collect$$rtentry$$0000000D          0x0800031a   Section        8  __rtentry2.o(.ARM.Collect$$rtentry$$0000000D)
    .ARM.Collect$$rtexit$$00000000           0x08000322   Section        2  rtexit.o(.ARM.Collect$$rtexit$$00000000)
    .ARM.Collect$$rtexit$$00000002           0x08000324   Section        0  rtexit2.o(.ARM.Collect$$rtexit$$00000002)
    .ARM.Collect$$rtexit$$00000003           0x08000324   Section        4  rtexit2.o(.ARM.Collect$$rtexit$$00000003)
    .ARM.Collect$$rtexit$$00000004           0x08000328   Section        6  rtexit2.o(.ARM.Collect$$rtexit$$00000004)
    .text                                    0x08000330   Section       64  startup_stm32h743xx_1.o(.text)
    $v0                                      0x08000330   Number         0  startup_stm32h743xx_1.o(.text)
    .text                                    0x08000370   Section       78  rt_memclr_w.o(.text)
    .text                                    0x080003c0   Section        0  sys_exit.o(.text)
    i.BusFault_Handler                       0x080003cc   Section        0  stm32h7xx_it.o(i.BusFault_Handler)
    i.Error_Handler                          0x080003ce   Section        0  main.o(i.Error_Handler)
    i.HAL_GPIO_EXTI_Callback                 0x080003d0   Section        0  driver_key.o(i.HAL_GPIO_EXTI_Callback)
    i.HAL_IncTick                            0x080003e4   Section        0  stm32h7xx_hal.o(i.HAL_IncTick)
    i.HAL_Init                               0x080003f4   Section        0  stm32h7xx_hal.o(i.HAL_Init)
    i.HAL_InitTick                           0x0800044c   Section        0  stm32h7xx_hal.o(i.HAL_InitTick)
    i.HAL_RCC_ClockConfig                    0x0800048c   Section        0  stm32h7xx_hal_rcc.o(i.HAL_RCC_ClockConfig)
    i.HAL_RCC_GetSysClockFreq                0x080006d0   Section        0  stm32h7xx_hal_rcc.o(i.HAL_RCC_GetSysClockFreq)
    i.HAL_RCC_OscConfig                      0x08000808   Section        0  stm32h7xx_hal_rcc.o(i.HAL_RCC_OscConfig)
    i.HAL_SYSTICK_Config                     0x08000cbe   Section        0  stm32h7xx_hal_cortex.o(i.HAL_SYSTICK_Config)
    i.HardFault_Handler                      0x08000ce4   Section        0  stm32h7xx_it.o(i.HardFault_Handler)
    i.NMI_Handler                            0x08000ce6   Section        0  stm32h7xx_it.o(i.NMI_Handler)
    i.RCCEx_PLL3_Config                      0x08000ce8   Section        0  stm32h7xx_hal_rcc_ex.o(i.RCCEx_PLL3_Config)
    RCCEx_PLL3_Config                        0x08000ce9   Thumb Code   284  stm32h7xx_hal_rcc_ex.o(i.RCCEx_PLL3_Config)
    i.SCB_CacheEnable                        0x08000e08   Section        0  main.o(i.SCB_CacheEnable)
    SCB_CacheEnable                          0x08000e09   Thumb Code   116  main.o(i.SCB_CacheEnable)
    i.SVC_Handler                            0x08000e84   Section        0  stm32h7xx_it.o(i.SVC_Handler)
    i.SystemInit                             0x08000e88   Section        0  system_stm32h7xx_1.o(i.SystemInit)
    i.__NVIC_SetPriority                     0x08000f24   Section        0  stm32h7xx_hal_cortex.o(i.__NVIC_SetPriority)
    __NVIC_SetPriority                       0x08000f25   Thumb Code    34  stm32h7xx_hal_cortex.o(i.__NVIC_SetPriority)
    i.blue_led_light                         0x08000f48   Section        0  driver_led.o(i.blue_led_light)
    x$fpl$fpinit                             0x08000f58   Section       10  fpinit.o(x$fpl$fpinit)
    $v0                                      0x08000f58   Number         0  fpinit.o(x$fpl$fpinit)
    .constdata                               0x08000f62   Section       16  system_stm32h7xx_1.o(.constdata)
    .ARM.Collect$$libinit$$00000000          0x08100000   Section        2  libinit.o(.ARM.Collect$$libinit$$00000000)
    .ARM.Collect$$libinit$$00000001          0x08100002   Section        4  libinit2.o(.ARM.Collect$$libinit$$00000001)
    .ARM.Collect$$libinit$$00000004          0x08100006   Section        0  libinit2.o(.ARM.Collect$$libinit$$00000004)
    .ARM.Collect$$libinit$$0000000A          0x08100006   Section        0  libinit2.o(.ARM.Collect$$libinit$$0000000A)
    .ARM.Collect$$libinit$$0000000C          0x08100006   Section        0  libinit2.o(.ARM.Collect$$libinit$$0000000C)
    .ARM.Collect$$libinit$$0000000E          0x08100006   Section        0  libinit2.o(.ARM.Collect$$libinit$$0000000E)
    .ARM.Collect$$libinit$$00000011          0x08100006   Section        0  libinit2.o(.ARM.Collect$$libinit$$00000011)
    .ARM.Collect$$libinit$$00000013          0x08100006   Section        0  libinit2.o(.ARM.Collect$$libinit$$00000013)
    .ARM.Collect$$libinit$$00000015          0x08100006   Section        0  libinit2.o(.ARM.Collect$$libinit$$00000015)
    .ARM.Collect$$libinit$$00000017          0x08100006   Section        0  libinit2.o(.ARM.Collect$$libinit$$00000017)
    .ARM.Collect$$libinit$$00000019          0x08100006   Section        0  libinit2.o(.ARM.Collect$$libinit$$00000019)
    .ARM.Collect$$libinit$$0000001B          0x08100006   Section        0  libinit2.o(.ARM.Collect$$libinit$$0000001B)
    .ARM.Collect$$libinit$$0000001D          0x08100006   Section        0  libinit2.o(.ARM.Collect$$libinit$$0000001D)
    .ARM.Collect$$libinit$$0000001F          0x08100006   Section        0  libinit2.o(.ARM.Collect$$libinit$$0000001F)
    .ARM.Collect$$libinit$$00000021          0x08100006   Section        0  libinit2.o(.ARM.Collect$$libinit$$00000021)
    .ARM.Collect$$libinit$$00000023          0x08100006   Section        0  libinit2.o(.ARM.Collect$$libinit$$00000023)
    .ARM.Collect$$libinit$$00000025          0x08100006   Section        0  libinit2.o(.ARM.Collect$$libinit$$00000025)
    .ARM.Collect$$libinit$$0000002C          0x08100006   Section        0  libinit2.o(.ARM.Collect$$libinit$$0000002C)
    .ARM.Collect$$libinit$$0000002E          0x08100006   Section        0  libinit2.o(.ARM.Collect$$libinit$$0000002E)
    .ARM.Collect$$libinit$$00000030          0x08100006   Section        0  libinit2.o(.ARM.Collect$$libinit$$00000030)
    .ARM.Collect$$libinit$$00000032          0x08100006   Section        0  libinit2.o(.ARM.Collect$$libinit$$00000032)
    .ARM.Collect$$libinit$$00000033          0x08100006   Section        2  libinit2.o(.ARM.Collect$$libinit$$00000033)
    .text                                    0x08100008   Section        0  heapauxi.o(.text)
    .text                                    0x0810000e   Section       74  sys_stackheap_outer.o(.text)
    .text                                    0x08100058   Section        0  exit.o(.text)
    .text                                    0x0810006c   Section        8  libspace.o(.text)
    .text                                    0x08100074   Section        2  use_no_semi.o(.text)
    .text                                    0x08100076   Section        0  indicate_semi.o(.text)
    i.DebugMon_Handler                       0x08100076   Section        0  stm32h7xx_it.o(i.DebugMon_Handler)
    i.EXTI15_10_IRQHandler                   0x08100078   Section        0  stm32h7xx_it.o(i.EXTI15_10_IRQHandler)
    i.GPIO_CLK_ENABLE                        0x08100080   Section        0  main.o(i.GPIO_CLK_ENABLE)
    GPIO_CLK_ENABLE                          0x08100081   Thumb Code   102  main.o(i.GPIO_CLK_ENABLE)
    i.HAL_GPIO_EXTI_IRQHandler               0x081000ec   Section        0  stm32h7xx_hal_gpio.o(i.HAL_GPIO_EXTI_IRQHandler)
    i.HAL_GPIO_Init                          0x08100104   Section        0  stm32h7xx_hal_gpio.o(i.HAL_GPIO_Init)
    i.HAL_GPIO_WritePin                      0x08100300   Section        0  stm32h7xx_hal_gpio.o(i.HAL_GPIO_WritePin)
    i.HAL_GetREVID                           0x0810030c   Section        0  stm32h7xx_hal.o(i.HAL_GetREVID)
    i.HAL_GetTick                            0x08100318   Section        0  stm32h7xx_hal.o(i.HAL_GetTick)
    i.HAL_MspInit                            0x08100324   Section        0  stm32h7xx_hal.o(i.HAL_MspInit)
    i.HAL_NVIC_SetPriority                   0x08100328   Section        0  stm32h7xx_hal_cortex.o(i.HAL_NVIC_SetPriority)
    i.HAL_NVIC_SetPriorityGrouping           0x08100368   Section        0  stm32h7xx_hal_cortex.o(i.HAL_NVIC_SetPriorityGrouping)
    i.HAL_PWREx_ConfigSupply                 0x0810038c   Section        0  stm32h7xx_hal_pwr_ex.o(i.HAL_PWREx_ConfigSupply)
    i.HAL_RCCEx_PeriphCLKConfig              0x081003dc   Section        0  stm32h7xx_hal_rcc_ex.o(i.HAL_RCCEx_PeriphCLKConfig)
    i.LED_GPIO_Init                          0x08100c94   Section        0  driver_led.o(i.LED_GPIO_Init)
    i.MemManage_Handler                      0x08100ccc   Section        0  stm32h7xx_it.o(i.MemManage_Handler)
    i.PendSV_Handler                         0x08100cce   Section        0  stm32h7xx_it.o(i.PendSV_Handler)
    i.RCCEx_PLL2_Config                      0x08100cd0   Section        0  stm32h7xx_hal_rcc_ex.o(i.RCCEx_PLL2_Config)
    RCCEx_PLL2_Config                        0x08100cd1   Thumb Code   284  stm32h7xx_hal_rcc_ex.o(i.RCCEx_PLL2_Config)
    i.SysTick_Handler                        0x08100df0   Section        0  stm32h7xx_it.o(i.SysTick_Handler)
    i.SystemClock_Config                     0x08100df4   Section        0  system_clk.o(i.SystemClock_Config)
    i.UsageFault_Handler                     0x08100ecc   Section        0  stm32h7xx_it.o(i.UsageFault_Handler)
    i.main                                   0x08100ece   Section        0  main.o(i.main)
    i.red_led_light                          0x08100ef4   Section        0  driver_led.o(i.red_led_light)
    .data                                    0x24000000   Section       12  stm32h7xx_hal.o(.data)
    .data                                    0x2400000c   Section        1  driver_key.o(.data)
    t_f                                      0x2400000c   Data           1  driver_key.o(.data)
    .data                                    0x24000010   Section        8  system_stm32h7xx_1.o(.data)
    .bss                                     0x24000018   Section       96  libspace.o(.bss)
    HEAP                                     0x24000078   Section      512  startup_stm32h743xx_1.o(HEAP)
    Heap_Mem                                 0x24000078   Data         512  startup_stm32h743xx_1.o(HEAP)
    STACK                                    0x24000278   Section     1024  startup_stm32h743xx_1.o(STACK)
    Stack_Mem                                0x24000278   Data        1024  startup_stm32h743xx_1.o(STACK)
    __initial_sp                             0x24000678   Data           0  startup_stm32h743xx_1.o(STACK)

    Global Symbols

    Symbol Name                              Value     Ov Type        Size  Object(Section)

    BuildAttributes$$THM_ISAv4$E$P$D$K$B$S$7EM$VFPv5_D16$PE$PLD8$A:L22UL41UL21$X:L11$S22US41US21$IEEE1$IW$USESV6$~STKCKD$USESV7$~SHL$OSPACE$ROPI$EBA8$UX$STANDARDLIB$REQ8$PRES8$EABIv2 0x00000000   Number         0  anon$$obj.o ABSOLUTE
    __ARM_use_no_argv                        0x00000000   Number         0  main.o ABSOLUTE
    __ARM_exceptions_init                     - Undefined Weak Reference
    __alloca_initialize                       - Undefined Weak Reference
    __arm_preinit_                            - Undefined Weak Reference
    __cpp_initialize__aeabi_                  - Undefined Weak Reference
    __cxa_finalize                            - Undefined Weak Reference
    __rt_locale                               - Undefined Weak Reference
    __sigvec_lookup                           - Undefined Weak Reference
    _atexit_init                              - Undefined Weak Reference
    _call_atexit_fns                          - Undefined Weak Reference
    _clock_init                               - Undefined Weak Reference
    _fp_trap_init                             - Undefined Weak Reference
    _fp_trap_shutdown                         - Undefined Weak Reference
    _get_lc_collate                           - Undefined Weak Reference
    _get_lc_ctype                             - Undefined Weak Reference
    _get_lc_monetary                          - Undefined Weak Reference
    _get_lc_numeric                           - Undefined Weak Reference
    _get_lc_time                              - Undefined Weak Reference
    _getenv_init                              - Undefined Weak Reference
    _handle_redirection                       - Undefined Weak Reference
    _init_alloc                               - Undefined Weak Reference
    _init_user_alloc                          - Undefined Weak Reference
    _initio                                   - Undefined Weak Reference
    _rand_init                                - Undefined Weak Reference
    _signal_finish                            - Undefined Weak Reference
    _signal_init                              - Undefined Weak Reference
    _terminate_alloc                          - Undefined Weak Reference
    _terminate_user_alloc                     - Undefined Weak Reference
    _terminateio                              - Undefined Weak Reference
    __Vectors_Size                           0x00000298   Number         0  startup_stm32h743xx_1.o ABSOLUTE
    __Vectors                                0x08000000   Data           4  startup_stm32h743xx_1.o(RESET)
    __Vectors_End                            0x08000298   Data           0  startup_stm32h743xx_1.o(RESET)
    __main                                   0x08000299   Thumb Code     8  __main.o(!!!main)
    __scatterload                            0x080002a1   Thumb Code     0  __scatter.o(!!!scatter)
    __scatterload_rt2                        0x080002a1   Thumb Code    44  __scatter.o(!!!scatter)
    __scatterload_rt2_thumb_only             0x080002a1   Thumb Code     0  __scatter.o(!!!scatter)
    __scatterload_null                       0x080002af   Thumb Code     0  __scatter.o(!!!scatter)
    __scatterload_copy                       0x080002d5   Thumb Code    26  __scatter_copy.o(!!handler_copy)
    __scatterload_zeroinit                   0x080002f1   Thumb Code    28  __scatter_zi.o(!!handler_zi)
    __rt_lib_shutdown                        0x0800030d   Thumb Code     0  libshutdown.o(.ARM.Collect$$libshutdown$$00000000)
    __rt_lib_shutdown_cpp_1                  0x0800030f   Thumb Code     0  libshutdown2.o(.ARM.Collect$$libshutdown$$00000002)
    __rt_lib_shutdown_fp_trap_1              0x0800030f   Thumb Code     0  libshutdown2.o(.ARM.Collect$$libshutdown$$00000007)
    __rt_lib_shutdown_heap_1                 0x0800030f   Thumb Code     0  libshutdown2.o(.ARM.Collect$$libshutdown$$0000000F)
    __rt_lib_shutdown_return                 0x0800030f   Thumb Code     0  libshutdown2.o(.ARM.Collect$$libshutdown$$00000010)
    __rt_lib_shutdown_signal_1               0x0800030f   Thumb Code     0  libshutdown2.o(.ARM.Collect$$libshutdown$$0000000A)
    __rt_lib_shutdown_stdio_1                0x0800030f   Thumb Code     0  libshutdown2.o(.ARM.Collect$$libshutdown$$00000004)
    __rt_lib_shutdown_user_alloc_1           0x0800030f   Thumb Code     0  libshutdown2.o(.ARM.Collect$$libshutdown$$0000000C)
    __rt_entry                               0x08000311   Thumb Code     0  __rtentry.o(.ARM.Collect$$rtentry$$00000000)
    __rt_entry_presh_1                       0x08000311   Thumb Code     0  __rtentry2.o(.ARM.Collect$$rtentry$$00000002)
    __rt_entry_sh                            0x08000311   Thumb Code     0  __rtentry4.o(.ARM.Collect$$rtentry$$00000004)
    __rt_entry_li                            0x08000317   Thumb Code     0  __rtentry2.o(.ARM.Collect$$rtentry$$0000000A)
    __rt_entry_postsh_1                      0x08000317   Thumb Code     0  __rtentry2.o(.ARM.Collect$$rtentry$$00000009)
    __rt_entry_main                          0x0800031b   Thumb Code     0  __rtentry2.o(.ARM.Collect$$rtentry$$0000000D)
    __rt_entry_postli_1                      0x0800031b   Thumb Code     0  __rtentry2.o(.ARM.Collect$$rtentry$$0000000C)
    __rt_exit                                0x08000323   Thumb Code     0  rtexit.o(.ARM.Collect$$rtexit$$00000000)
    __rt_exit_ls                             0x08000325   Thumb Code     0  rtexit2.o(.ARM.Collect$$rtexit$$00000003)
    __rt_exit_prels_1                        0x08000325   Thumb Code     0  rtexit2.o(.ARM.Collect$$rtexit$$00000002)
    __rt_exit_exit                           0x08000329   Thumb Code     0  rtexit2.o(.ARM.Collect$$rtexit$$00000004)
    Reset_Handler                            0x08000331   Thumb Code     8  startup_stm32h743xx_1.o(.text)
    ADC3_IRQHandler                          0x0800034b   Thumb Code     0  startup_stm32h743xx_1.o(.text)
    ADC_IRQHandler                           0x0800034b   Thumb Code     0  startup_stm32h743xx_1.o(.text)
    BDMA_Channel0_IRQHandler                 0x0800034b   Thumb Code     0  startup_stm32h743xx_1.o(.text)
    BDMA_Channel1_IRQHandler                 0x0800034b   Thumb Code     0  startup_stm32h743xx_1.o(.text)
    BDMA_Channel2_IRQHandler                 0x0800034b   Thumb Code     0  startup_stm32h743xx_1.o(.text)
    BDMA_Channel3_IRQHandler                 0x0800034b   Thumb Code     0  startup_stm32h743xx_1.o(.text)
    BDMA_Channel4_IRQHandler                 0x0800034b   Thumb Code     0  startup_stm32h743xx_1.o(.text)
    BDMA_Channel5_IRQHandler                 0x0800034b   Thumb Code     0  startup_stm32h743xx_1.o(.text)
    BDMA_Channel6_IRQHandler                 0x0800034b   Thumb Code     0  startup_stm32h743xx_1.o(.text)
    BDMA_Channel7_IRQHandler                 0x0800034b   Thumb Code     0  startup_stm32h743xx_1.o(.text)
    CEC_IRQHandler                           0x0800034b   Thumb Code     0  startup_stm32h743xx_1.o(.text)
    COMP1_IRQHandler                         0x0800034b   Thumb Code     0  startup_stm32h743xx_1.o(.text)
    CRS_IRQHandler                           0x0800034b   Thumb Code     0  startup_stm32h743xx_1.o(.text)
    DCMI_IRQHandler                          0x0800034b   Thumb Code     0  startup_stm32h743xx_1.o(.text)
    DFSDM1_FLT0_IRQHandler                   0x0800034b   Thumb Code     0  startup_stm32h743xx_1.o(.text)
    DFSDM1_FLT1_IRQHandler                   0x0800034b   Thumb Code     0  startup_stm32h743xx_1.o(.text)
    DFSDM1_FLT2_IRQHandler                   0x0800034b   Thumb Code     0  startup_stm32h743xx_1.o(.text)
    DFSDM1_FLT3_IRQHandler                   0x0800034b   Thumb Code     0  startup_stm32h743xx_1.o(.text)
    DMA1_Stream0_IRQHandler                  0x0800034b   Thumb Code     0  startup_stm32h743xx_1.o(.text)
    DMA1_Stream1_IRQHandler                  0x0800034b   Thumb Code     0  startup_stm32h743xx_1.o(.text)
    DMA1_Stream2_IRQHandler                  0x0800034b   Thumb Code     0  startup_stm32h743xx_1.o(.text)
    DMA1_Stream3_IRQHandler                  0x0800034b   Thumb Code     0  startup_stm32h743xx_1.o(.text)
    DMA1_Stream4_IRQHandler                  0x0800034b   Thumb Code     0  startup_stm32h743xx_1.o(.text)
    DMA1_Stream5_IRQHandler                  0x0800034b   Thumb Code     0  startup_stm32h743xx_1.o(.text)
    DMA1_Stream6_IRQHandler                  0x0800034b   Thumb Code     0  startup_stm32h743xx_1.o(.text)
    DMA1_Stream7_IRQHandler                  0x0800034b   Thumb Code     0  startup_stm32h743xx_1.o(.text)
    DMA2D_IRQHandler                         0x0800034b   Thumb Code     0  startup_stm32h743xx_1.o(.text)
    DMA2_Stream0_IRQHandler                  0x0800034b   Thumb Code     0  startup_stm32h743xx_1.o(.text)
    DMA2_Stream1_IRQHandler                  0x0800034b   Thumb Code     0  startup_stm32h743xx_1.o(.text)
    DMA2_Stream2_IRQHandler                  0x0800034b   Thumb Code     0  startup_stm32h743xx_1.o(.text)
    DMA2_Stream3_IRQHandler                  0x0800034b   Thumb Code     0  startup_stm32h743xx_1.o(.text)
    DMA2_Stream4_IRQHandler                  0x0800034b   Thumb Code     0  startup_stm32h743xx_1.o(.text)
    DMA2_Stream5_IRQHandler                  0x0800034b   Thumb Code     0  startup_stm32h743xx_1.o(.text)
    DMA2_Stream6_IRQHandler                  0x0800034b   Thumb Code     0  startup_stm32h743xx_1.o(.text)
    DMA2_Stream7_IRQHandler                  0x0800034b   Thumb Code     0  startup_stm32h743xx_1.o(.text)
    DMAMUX1_OVR_IRQHandler                   0x0800034b   Thumb Code     0  startup_stm32h743xx_1.o(.text)
    DMAMUX2_OVR_IRQHandler                   0x0800034b   Thumb Code     0  startup_stm32h743xx_1.o(.text)
    ECC_IRQHandler                           0x0800034b   Thumb Code     0  startup_stm32h743xx_1.o(.text)
    ETH_IRQHandler                           0x0800034b   Thumb Code     0  startup_stm32h743xx_1.o(.text)
    ETH_WKUP_IRQHandler                      0x0800034b   Thumb Code     0  startup_stm32h743xx_1.o(.text)
    EXTI0_IRQHandler                         0x0800034b   Thumb Code     0  startup_stm32h743xx_1.o(.text)
    EXTI1_IRQHandler                         0x0800034b   Thumb Code     0  startup_stm32h743xx_1.o(.text)
    EXTI2_IRQHandler                         0x0800034b   Thumb Code     0  startup_stm32h743xx_1.o(.text)
    EXTI3_IRQHandler                         0x0800034b   Thumb Code     0  startup_stm32h743xx_1.o(.text)
    EXTI4_IRQHandler                         0x0800034b   Thumb Code     0  startup_stm32h743xx_1.o(.text)
    EXTI9_5_IRQHandler                       0x0800034b   Thumb Code     0  startup_stm32h743xx_1.o(.text)
    FDCAN1_IT0_IRQHandler                    0x0800034b   Thumb Code     0  startup_stm32h743xx_1.o(.text)
    FDCAN1_IT1_IRQHandler                    0x0800034b   Thumb Code     0  startup_stm32h743xx_1.o(.text)
    FDCAN2_IT0_IRQHandler                    0x0800034b   Thumb Code     0  startup_stm32h743xx_1.o(.text)
    FDCAN2_IT1_IRQHandler                    0x0800034b   Thumb Code     0  startup_stm32h743xx_1.o(.text)
    FDCAN_CAL_IRQHandler                     0x0800034b   Thumb Code     0  startup_stm32h743xx_1.o(.text)
    FLASH_IRQHandler                         0x0800034b   Thumb Code     0  startup_stm32h743xx_1.o(.text)
    FMC_IRQHandler                           0x0800034b   Thumb Code     0  startup_stm32h743xx_1.o(.text)
    FPU_IRQHandler                           0x0800034b   Thumb Code     0  startup_stm32h743xx_1.o(.text)
    HRTIM1_FLT_IRQHandler                    0x0800034b   Thumb Code     0  startup_stm32h743xx_1.o(.text)
    HRTIM1_Master_IRQHandler                 0x0800034b   Thumb Code     0  startup_stm32h743xx_1.o(.text)
    HRTIM1_TIMA_IRQHandler                   0x0800034b   Thumb Code     0  startup_stm32h743xx_1.o(.text)
    HRTIM1_TIMB_IRQHandler                   0x0800034b   Thumb Code     0  startup_stm32h743xx_1.o(.text)
    HRTIM1_TIMC_IRQHandler                   0x0800034b   Thumb Code     0  startup_stm32h743xx_1.o(.text)
    HRTIM1_TIMD_IRQHandler                   0x0800034b   Thumb Code     0  startup_stm32h743xx_1.o(.text)
    HRTIM1_TIME_IRQHandler                   0x0800034b   Thumb Code     0  startup_stm32h743xx_1.o(.text)
    HSEM1_IRQHandler                         0x0800034b   Thumb Code     0  startup_stm32h743xx_1.o(.text)
    I2C1_ER_IRQHandler                       0x0800034b   Thumb Code     0  startup_stm32h743xx_1.o(.text)
    I2C1_EV_IRQHandler                       0x0800034b   Thumb Code     0  startup_stm32h743xx_1.o(.text)
    I2C2_ER_IRQHandler                       0x0800034b   Thumb Code     0  startup_stm32h743xx_1.o(.text)
    I2C2_EV_IRQHandler                       0x0800034b   Thumb Code     0  startup_stm32h743xx_1.o(.text)
    I2C3_ER_IRQHandler                       0x0800034b   Thumb Code     0  startup_stm32h743xx_1.o(.text)
    I2C3_EV_IRQHandler                       0x0800034b   Thumb Code     0  startup_stm32h743xx_1.o(.text)
    I2C4_ER_IRQHandler                       0x0800034b   Thumb Code     0  startup_stm32h743xx_1.o(.text)
    I2C4_EV_IRQHandler                       0x0800034b   Thumb Code     0  startup_stm32h743xx_1.o(.text)
    JPEG_IRQHandler                          0x0800034b   Thumb Code     0  startup_stm32h743xx_1.o(.text)
    LPTIM1_IRQHandler                        0x0800034b   Thumb Code     0  startup_stm32h743xx_1.o(.text)
    LPTIM2_IRQHandler                        0x0800034b   Thumb Code     0  startup_stm32h743xx_1.o(.text)
    LPTIM3_IRQHandler                        0x0800034b   Thumb Code     0  startup_stm32h743xx_1.o(.text)
    LPTIM4_IRQHandler                        0x0800034b   Thumb Code     0  startup_stm32h743xx_1.o(.text)
    LPTIM5_IRQHandler                        0x0800034b   Thumb Code     0  startup_stm32h743xx_1.o(.text)
    LPUART1_IRQHandler                       0x0800034b   Thumb Code     0  startup_stm32h743xx_1.o(.text)
    LTDC_ER_IRQHandler                       0x0800034b   Thumb Code     0  startup_stm32h743xx_1.o(.text)
    LTDC_IRQHandler                          0x0800034b   Thumb Code     0  startup_stm32h743xx_1.o(.text)
    MDIOS_IRQHandler                         0x0800034b   Thumb Code     0  startup_stm32h743xx_1.o(.text)
    MDIOS_WKUP_IRQHandler                    0x0800034b   Thumb Code     0  startup_stm32h743xx_1.o(.text)
    MDMA_IRQHandler                          0x0800034b   Thumb Code     0  startup_stm32h743xx_1.o(.text)
    OTG_FS_EP1_IN_IRQHandler                 0x0800034b   Thumb Code     0  startup_stm32h743xx_1.o(.text)
    OTG_FS_EP1_OUT_IRQHandler                0x0800034b   Thumb Code     0  startup_stm32h743xx_1.o(.text)
    OTG_FS_IRQHandler                        0x0800034b   Thumb Code     0  startup_stm32h743xx_1.o(.text)
    OTG_FS_WKUP_IRQHandler                   0x0800034b   Thumb Code     0  startup_stm32h743xx_1.o(.text)
    OTG_HS_EP1_IN_IRQHandler                 0x0800034b   Thumb Code     0  startup_stm32h743xx_1.o(.text)
    OTG_HS_EP1_OUT_IRQHandler                0x0800034b   Thumb Code     0  startup_stm32h743xx_1.o(.text)
    OTG_HS_IRQHandler                        0x0800034b   Thumb Code     0  startup_stm32h743xx_1.o(.text)
    OTG_HS_WKUP_IRQHandler                   0x0800034b   Thumb Code     0  startup_stm32h743xx_1.o(.text)
    PVD_AVD_IRQHandler                       0x0800034b   Thumb Code     0  startup_stm32h743xx_1.o(.text)
    QUADSPI_IRQHandler                       0x0800034b   Thumb Code     0  startup_stm32h743xx_1.o(.text)
    RCC_IRQHandler                           0x0800034b   Thumb Code     0  startup_stm32h743xx_1.o(.text)
    RNG_IRQHandler                           0x0800034b   Thumb Code     0  startup_stm32h743xx_1.o(.text)
    RTC_Alarm_IRQHandler                     0x0800034b   Thumb Code     0  startup_stm32h743xx_1.o(.text)
    RTC_WKUP_IRQHandler                      0x0800034b   Thumb Code     0  startup_stm32h743xx_1.o(.text)
    SAI1_IRQHandler                          0x0800034b   Thumb Code     0  startup_stm32h743xx_1.o(.text)
    SAI2_IRQHandler                          0x0800034b   Thumb Code     0  startup_stm32h743xx_1.o(.text)
    SAI3_IRQHandler                          0x0800034b   Thumb Code     0  startup_stm32h743xx_1.o(.text)
    SAI4_IRQHandler                          0x0800034b   Thumb Code     0  startup_stm32h743xx_1.o(.text)
    SDMMC1_IRQHandler                        0x0800034b   Thumb Code     0  startup_stm32h743xx_1.o(.text)
    SDMMC2_IRQHandler                        0x0800034b   Thumb Code     0  startup_stm32h743xx_1.o(.text)
    SPDIF_RX_IRQHandler                      0x0800034b   Thumb Code     0  startup_stm32h743xx_1.o(.text)
    SPI1_IRQHandler                          0x0800034b   Thumb Code     0  startup_stm32h743xx_1.o(.text)
    SPI2_IRQHandler                          0x0800034b   Thumb Code     0  startup_stm32h743xx_1.o(.text)
    SPI3_IRQHandler                          0x0800034b   Thumb Code     0  startup_stm32h743xx_1.o(.text)
    SPI4_IRQHandler                          0x0800034b   Thumb Code     0  startup_stm32h743xx_1.o(.text)
    SPI5_IRQHandler                          0x0800034b   Thumb Code     0  startup_stm32h743xx_1.o(.text)
    SPI6_IRQHandler                          0x0800034b   Thumb Code     0  startup_stm32h743xx_1.o(.text)
    SWPMI1_IRQHandler                        0x0800034b   Thumb Code     0  startup_stm32h743xx_1.o(.text)
    TAMP_STAMP_IRQHandler                    0x0800034b   Thumb Code     0  startup_stm32h743xx_1.o(.text)
    TIM15_IRQHandler                         0x0800034b   Thumb Code     0  startup_stm32h743xx_1.o(.text)
    TIM16_IRQHandler                         0x0800034b   Thumb Code     0  startup_stm32h743xx_1.o(.text)
    TIM17_IRQHandler                         0x0800034b   Thumb Code     0  startup_stm32h743xx_1.o(.text)
    TIM1_BRK_IRQHandler                      0x0800034b   Thumb Code     0  startup_stm32h743xx_1.o(.text)
    TIM1_CC_IRQHandler                       0x0800034b   Thumb Code     0  startup_stm32h743xx_1.o(.text)
    TIM1_TRG_COM_IRQHandler                  0x0800034b   Thumb Code     0  startup_stm32h743xx_1.o(.text)
    TIM1_UP_IRQHandler                       0x0800034b   Thumb Code     0  startup_stm32h743xx_1.o(.text)
    TIM2_IRQHandler                          0x0800034b   Thumb Code     0  startup_stm32h743xx_1.o(.text)
    TIM3_IRQHandler                          0x0800034b   Thumb Code     0  startup_stm32h743xx_1.o(.text)
    TIM4_IRQHandler                          0x0800034b   Thumb Code     0  startup_stm32h743xx_1.o(.text)
    TIM5_IRQHandler                          0x0800034b   Thumb Code     0  startup_stm32h743xx_1.o(.text)
    TIM6_DAC_IRQHandler                      0x0800034b   Thumb Code     0  startup_stm32h743xx_1.o(.text)
    TIM7_IRQHandler                          0x0800034b   Thumb Code     0  startup_stm32h743xx_1.o(.text)
    TIM8_BRK_TIM12_IRQHandler                0x0800034b   Thumb Code     0  startup_stm32h743xx_1.o(.text)
    TIM8_CC_IRQHandler                       0x0800034b   Thumb Code     0  startup_stm32h743xx_1.o(.text)
    TIM8_TRG_COM_TIM14_IRQHandler            0x0800034b   Thumb Code     0  startup_stm32h743xx_1.o(.text)
    TIM8_UP_TIM13_IRQHandler                 0x0800034b   Thumb Code     0  startup_stm32h743xx_1.o(.text)
    UART4_IRQHandler                         0x0800034b   Thumb Code     0  startup_stm32h743xx_1.o(.text)
    UART5_IRQHandler                         0x0800034b   Thumb Code     0  startup_stm32h743xx_1.o(.text)
    UART7_IRQHandler                         0x0800034b   Thumb Code     0  startup_stm32h743xx_1.o(.text)
    UART8_IRQHandler                         0x0800034b   Thumb Code     0  startup_stm32h743xx_1.o(.text)
    USART1_IRQHandler                        0x0800034b   Thumb Code     0  startup_stm32h743xx_1.o(.text)
    USART2_IRQHandler                        0x0800034b   Thumb Code     0  startup_stm32h743xx_1.o(.text)
    USART3_IRQHandler                        0x0800034b   Thumb Code     0  startup_stm32h743xx_1.o(.text)
    USART6_IRQHandler                        0x0800034b   Thumb Code     0  startup_stm32h743xx_1.o(.text)
    WAKEUP_PIN_IRQHandler                    0x0800034b   Thumb Code     0  startup_stm32h743xx_1.o(.text)
    WWDG_IRQHandler                          0x0800034b   Thumb Code     0  startup_stm32h743xx_1.o(.text)
    __user_initial_stackheap                 0x0800034d   Thumb Code     0  startup_stm32h743xx_1.o(.text)
    __aeabi_memclr4                          0x08000371   Thumb Code     0  rt_memclr_w.o(.text)
    __aeabi_memclr8                          0x08000371   Thumb Code     0  rt_memclr_w.o(.text)
    __rt_memclr_w                            0x08000371   Thumb Code    78  rt_memclr_w.o(.text)
    _memset_w                                0x08000375   Thumb Code     0  rt_memclr_w.o(.text)
    _sys_exit                                0x080003c1   Thumb Code     8  sys_exit.o(.text)
    BusFault_Handler                         0x080003cd   Thumb Code     2  stm32h7xx_it.o(i.BusFault_Handler)
    Error_Handler                            0x080003cf   Thumb Code     2  main.o(i.Error_Handler)
    HAL_GPIO_EXTI_Callback                   0x080003d1   Thumb Code    14  driver_key.o(i.HAL_GPIO_EXTI_Callback)
    HAL_IncTick                              0x080003e5   Thumb Code    12  stm32h7xx_hal.o(i.HAL_IncTick)
    HAL_Init                                 0x080003f5   Thumb Code    72  stm32h7xx_hal.o(i.HAL_Init)
    HAL_InitTick                             0x0800044d   Thumb Code    56  stm32h7xx_hal.o(i.HAL_InitTick)
    HAL_RCC_ClockConfig                      0x0800048d   Thumb Code   560  stm32h7xx_hal_rcc.o(i.HAL_RCC_ClockConfig)
    HAL_RCC_GetSysClockFreq                  0x080006d1   Thumb Code   278  stm32h7xx_hal_rcc.o(i.HAL_RCC_GetSysClockFreq)
    HAL_RCC_OscConfig                        0x08000809   Thumb Code  1206  stm32h7xx_hal_rcc.o(i.HAL_RCC_OscConfig)
    HAL_SYSTICK_Config                       0x08000cbf   Thumb Code    38  stm32h7xx_hal_cortex.o(i.HAL_SYSTICK_Config)
    HardFault_Handler                        0x08000ce5   Thumb Code     2  stm32h7xx_it.o(i.HardFault_Handler)
    NMI_Handler                              0x08000ce7   Thumb Code     2  stm32h7xx_it.o(i.NMI_Handler)
    SVC_Handler                              0x08000e85   Thumb Code     2  stm32h7xx_it.o(i.SVC_Handler)
    SystemInit                               0x08000e89   Thumb Code   134  system_stm32h7xx_1.o(i.SystemInit)
    blue_led_light                           0x08000f49   Thumb Code    10  driver_led.o(i.blue_led_light)
    _fp_init                                 0x08000f59   Thumb Code    10  fpinit.o(x$fpl$fpinit)
    __fplib_config_fpu_vfp                   0x08000f61   Thumb Code     0  fpinit.o(x$fpl$fpinit)
    __fplib_config_pureend_doubles           0x08000f61   Thumb Code     0  fpinit.o(x$fpl$fpinit)
    D1CorePrescTable                         0x08000f62   Data          16  system_stm32h7xx_1.o(.constdata)
    Region$$Table$$Base                      0x08000f74   Number         0  anon$$obj.o(Region$$Table)
    Region$$Table$$Limit                     0x08000f94   Number         0  anon$$obj.o(Region$$Table)
    __rt_lib_init                            0x08100001   Thumb Code     0  libinit.o(.ARM.Collect$$libinit$$00000000)
    __rt_lib_init_fp_1                       0x08100003   Thumb Code     0  libinit2.o(.ARM.Collect$$libinit$$00000001)
    __rt_lib_init_alloca_1                   0x08100007   Thumb Code     0  libinit2.o(.ARM.Collect$$libinit$$0000002E)
    __rt_lib_init_argv_1                     0x08100007   Thumb Code     0  libinit2.o(.ARM.Collect$$libinit$$0000002C)
    __rt_lib_init_atexit_1                   0x08100007   Thumb Code     0  libinit2.o(.ARM.Collect$$libinit$$0000001B)
    __rt_lib_init_clock_1                    0x08100007   Thumb Code     0  libinit2.o(.ARM.Collect$$libinit$$00000021)
    __rt_lib_init_cpp_1                      0x08100007   Thumb Code     0  libinit2.o(.ARM.Collect$$libinit$$00000032)
    __rt_lib_init_exceptions_1               0x08100007   Thumb Code     0  libinit2.o(.ARM.Collect$$libinit$$00000030)
    __rt_lib_init_fp_trap_1                  0x08100007   Thumb Code     0  libinit2.o(.ARM.Collect$$libinit$$0000001F)
    __rt_lib_init_getenv_1                   0x08100007   Thumb Code     0  libinit2.o(.ARM.Collect$$libinit$$00000023)
    __rt_lib_init_heap_1                     0x08100007   Thumb Code     0  libinit2.o(.ARM.Collect$$libinit$$0000000A)
    __rt_lib_init_lc_collate_1               0x08100007   Thumb Code     0  libinit2.o(.ARM.Collect$$libinit$$00000011)
    __rt_lib_init_lc_ctype_1                 0x08100007   Thumb Code     0  libinit2.o(.ARM.Collect$$libinit$$00000013)
    __rt_lib_init_lc_monetary_1              0x08100007   Thumb Code     0  libinit2.o(.ARM.Collect$$libinit$$00000015)
    __rt_lib_init_lc_numeric_1               0x08100007   Thumb Code     0  libinit2.o(.ARM.Collect$$libinit$$00000017)
    __rt_lib_init_lc_time_1                  0x08100007   Thumb Code     0  libinit2.o(.ARM.Collect$$libinit$$00000019)
    __rt_lib_init_preinit_1                  0x08100007   Thumb Code     0  libinit2.o(.ARM.Collect$$libinit$$00000004)
    __rt_lib_init_rand_1                     0x08100007   Thumb Code     0  libinit2.o(.ARM.Collect$$libinit$$0000000E)
    __rt_lib_init_return                     0x08100007   Thumb Code     0  libinit2.o(.ARM.Collect$$libinit$$00000033)
    __rt_lib_init_signal_1                   0x08100007   Thumb Code     0  libinit2.o(.ARM.Collect$$libinit$$0000001D)
    __rt_lib_init_stdio_1                    0x08100007   Thumb Code     0  libinit2.o(.ARM.Collect$$libinit$$00000025)
    __rt_lib_init_user_alloc_1               0x08100007   Thumb Code     0  libinit2.o(.ARM.Collect$$libinit$$0000000C)
    __use_two_region_memory                  0x08100009   Thumb Code     2  heapauxi.o(.text)
    __rt_heap_escrow$2region                 0x0810000b   Thumb Code     2  heapauxi.o(.text)
    __rt_heap_expand$2region                 0x0810000d   Thumb Code     2  heapauxi.o(.text)
    __user_setup_stackheap                   0x0810000f   Thumb Code    74  sys_stackheap_outer.o(.text)
    exit                                     0x08100059   Thumb Code    18  exit.o(.text)
    __user_libspace                          0x0810006d   Thumb Code     8  libspace.o(.text)
    __user_perproc_libspace                  0x0810006d   Thumb Code     0  libspace.o(.text)
    __user_perthread_libspace                0x0810006d   Thumb Code     0  libspace.o(.text)
    __I$use$semihosting                      0x08100075   Thumb Code     0  use_no_semi.o(.text)
    __use_no_semihosting_swi                 0x08100075   Thumb Code     2  use_no_semi.o(.text)
    DebugMon_Handler                         0x08100077   Thumb Code     2  stm32h7xx_it.o(i.DebugMon_Handler)
    __semihosting_library_function           0x08100077   Thumb Code     0  indicate_semi.o(.text)
    EXTI15_10_IRQHandler                     0x08100079   Thumb Code     8  stm32h7xx_it.o(i.EXTI15_10_IRQHandler)
    HAL_GPIO_EXTI_IRQHandler                 0x081000ed   Thumb Code    24  stm32h7xx_hal_gpio.o(i.HAL_GPIO_EXTI_IRQHandler)
    HAL_GPIO_Init                            0x08100105   Thumb Code   458  stm32h7xx_hal_gpio.o(i.HAL_GPIO_Init)
    HAL_GPIO_WritePin                        0x08100301   Thumb Code    10  stm32h7xx_hal_gpio.o(i.HAL_GPIO_WritePin)
    HAL_GetREVID                             0x0810030d   Thumb Code     8  stm32h7xx_hal.o(i.HAL_GetREVID)
    HAL_GetTick                              0x08100319   Thumb Code     6  stm32h7xx_hal.o(i.HAL_GetTick)
    HAL_MspInit                              0x08100325   Thumb Code     2  stm32h7xx_hal.o(i.HAL_MspInit)
    HAL_NVIC_SetPriority                     0x08100329   Thumb Code    60  stm32h7xx_hal_cortex.o(i.HAL_NVIC_SetPriority)
    HAL_NVIC_SetPriorityGrouping             0x08100369   Thumb Code    28  stm32h7xx_hal_cortex.o(i.HAL_NVIC_SetPriorityGrouping)
    HAL_PWREx_ConfigSupply                   0x0810038d   Thumb Code    76  stm32h7xx_hal_pwr_ex.o(i.HAL_PWREx_ConfigSupply)
    HAL_RCCEx_PeriphCLKConfig                0x081003dd   Thumb Code  2230  stm32h7xx_hal_rcc_ex.o(i.HAL_RCCEx_PeriphCLKConfig)
    LED_GPIO_Init                            0x08100c95   Thumb Code    50  driver_led.o(i.LED_GPIO_Init)
    MemManage_Handler                        0x08100ccd   Thumb Code     2  stm32h7xx_it.o(i.MemManage_Handler)
    PendSV_Handler                           0x08100ccf   Thumb Code     2  stm32h7xx_it.o(i.PendSV_Handler)
    SysTick_Handler                          0x08100df1   Thumb Code     4  stm32h7xx_it.o(i.SysTick_Handler)
    SystemClock_Config                       0x08100df5   Thumb Code   200  system_clk.o(i.SystemClock_Config)
    UsageFault_Handler                       0x08100ecd   Thumb Code     2  stm32h7xx_it.o(i.UsageFault_Handler)
    main                                     0x08100ecf   Thumb Code    38  main.o(i.main)
    red_led_light                            0x08100ef5   Thumb Code    12  driver_led.o(i.red_led_light)
    uwTickFreq                               0x24000000   Data           1  stm32h7xx_hal.o(.data)
    uwTickPrio                               0x24000004   Data           4  stm32h7xx_hal.o(.data)
    uwTick                                   0x24000008   Data           4  stm32h7xx_hal.o(.data)
    SystemCoreClock                          0x24000010   Data           4  system_stm32h7xx_1.o(.data)
    SystemD2Clock                            0x24000014   Data           4  system_stm32h7xx_1.o(.data)
    __libspace_start                         0x24000018   Data          96  libspace.o(.bss)
    __temporary_stack_top$libspace           0x24000078   Data           0  libspace.o(.bss)



==============================================================================

Memory Map of the image

  Image Entry point : 0x08000299

  Load Region LR_IROM1 (Base: 0x08000000, Size: 0x00000fac, Max: 0x00100000, ABSOLUTE)

    Execution Region ER_IROM1 (Exec base: 0x08000000, Load base: 0x08000000, Size: 0x00000f94, Max: 0x00100000, ABSOLUTE)

    Exec Addr    Load Addr    Size         Type   Attr      Idx    E Section Name        Object

    0x08000000   0x08000000   0x00000298   Data   RO         3331    RESET               startup_stm32h743xx_1.o
    0x08000298   0x08000298   0x00000008   Code   RO         3379  * !!!main             c_w.l(__main.o)
    0x080002a0   0x080002a0   0x00000034   Code   RO         3536    !!!scatter          c_w.l(__scatter.o)
    0x080002d4   0x080002d4   0x0000001a   Code   RO         3538    !!handler_copy      c_w.l(__scatter_copy.o)
    0x080002ee   0x080002ee   0x00000002   PAD
    0x080002f0   0x080002f0   0x0000001c   Code   RO         3540    !!handler_zi        c_w.l(__scatter_zi.o)
    0x0800030c   0x0800030c   0x00000002   Code   RO         3476    .ARM.Collect$$libshutdown$$00000000  c_w.l(libshutdown.o)
    0x0800030e   0x0800030e   0x00000000   Code   RO         3489    .ARM.Collect$$libshutdown$$00000002  c_w.l(libshutdown2.o)
    0x0800030e   0x0800030e   0x00000000   Code   RO         3491    .ARM.Collect$$libshutdown$$00000004  c_w.l(libshutdown2.o)
    0x0800030e   0x0800030e   0x00000000   Code   RO         3494    .ARM.Collect$$libshutdown$$00000007  c_w.l(libshutdown2.o)
    0x0800030e   0x0800030e   0x00000000   Code   RO         3497    .ARM.Collect$$libshutdown$$0000000A  c_w.l(libshutdown2.o)
    0x0800030e   0x0800030e   0x00000000   Code   RO         3499    .ARM.Collect$$libshutdown$$0000000C  c_w.l(libshutdown2.o)
    0x0800030e   0x0800030e   0x00000000   Code   RO         3502    .ARM.Collect$$libshutdown$$0000000F  c_w.l(libshutdown2.o)
    0x0800030e   0x0800030e   0x00000002   Code   RO         3503    .ARM.Collect$$libshutdown$$00000010  c_w.l(libshutdown2.o)
    0x08000310   0x08000310   0x00000000   Code   RO         3381    .ARM.Collect$$rtentry$$00000000  c_w.l(__rtentry.o)
    0x08000310   0x08000310   0x00000000   Code   RO         3383    .ARM.Collect$$rtentry$$00000002  c_w.l(__rtentry2.o)
    0x08000310   0x08000310   0x00000006   Code   RO         3395    .ARM.Collect$$rtentry$$00000004  c_w.l(__rtentry4.o)
    0x08000316   0x08000316   0x00000000   Code   RO         3385    .ARM.Collect$$rtentry$$00000009  c_w.l(__rtentry2.o)
    0x08000316   0x08000316   0x00000004   Code   RO         3386    .ARM.Collect$$rtentry$$0000000A  c_w.l(__rtentry2.o)
    0x0800031a   0x0800031a   0x00000000   Code   RO         3388    .ARM.Collect$$rtentry$$0000000C  c_w.l(__rtentry2.o)
    0x0800031a   0x0800031a   0x00000008   Code   RO         3389    .ARM.Collect$$rtentry$$0000000D  c_w.l(__rtentry2.o)
    0x08000322   0x08000322   0x00000002   Code   RO         3410    .ARM.Collect$$rtexit$$00000000  c_w.l(rtexit.o)
    0x08000324   0x08000324   0x00000000   Code   RO         3458    .ARM.Collect$$rtexit$$00000002  c_w.l(rtexit2.o)
    0x08000324   0x08000324   0x00000004   Code   RO         3459    .ARM.Collect$$rtexit$$00000003  c_w.l(rtexit2.o)
    0x08000328   0x08000328   0x00000006   Code   RO         3460    .ARM.Collect$$rtexit$$00000004  c_w.l(rtexit2.o)
    0x0800032e   0x0800032e   0x00000002   PAD
    0x08000330   0x08000330   0x00000040   Code   RO         3332    .text               startup_stm32h743xx_1.o
    0x08000370   0x08000370   0x0000004e   Code   RO         3375    .text               c_w.l(rt_memclr_w.o)
    0x080003be   0x080003be   0x00000002   PAD
    0x080003c0   0x080003c0   0x0000000c   Code   RO         3468    .text               c_w.l(sys_exit.o)
    0x080003cc   0x080003cc   0x00000002   Code   RO            4    i.BusFault_Handler  stm32h7xx_it.o
    0x080003ce   0x080003ce   0x00000002   Code   RO          225    i.Error_Handler     main.o
    0x080003d0   0x080003d0   0x00000014   Code   RO         3246    i.HAL_GPIO_EXTI_Callback  driver_key.o
    0x080003e4   0x080003e4   0x00000010   Code   RO          335    i.HAL_IncTick       stm32h7xx_hal.o
    0x080003f4   0x080003f4   0x00000058   Code   RO          336    i.HAL_Init          stm32h7xx_hal.o
    0x0800044c   0x0800044c   0x00000040   Code   RO          337    i.HAL_InitTick      stm32h7xx_hal.o
    0x0800048c   0x0800048c   0x00000244   Code   RO         1969    i.HAL_RCC_ClockConfig  stm32h7xx_hal_rcc.o
    0x080006d0   0x080006d0   0x00000138   Code   RO         1978    i.HAL_RCC_GetSysClockFreq  stm32h7xx_hal_rcc.o
    0x08000808   0x08000808   0x000004b6   Code   RO         1981    i.HAL_RCC_OscConfig  stm32h7xx_hal_rcc.o
    0x08000cbe   0x08000cbe   0x00000026   Code   RO         1105    i.HAL_SYSTICK_Config  stm32h7xx_hal_cortex.o
    0x08000ce4   0x08000ce4   0x00000002   Code   RO            7    i.HardFault_Handler  stm32h7xx_it.o
    0x08000ce6   0x08000ce6   0x00000002   Code   RO            9    i.NMI_Handler       stm32h7xx_it.o
    0x08000ce8   0x08000ce8   0x00000120   Code   RO         2094    i.RCCEx_PLL3_Config  stm32h7xx_hal_rcc_ex.o
    0x08000e08   0x08000e08   0x0000007c   Code   RO          227    i.SCB_CacheEnable   main.o
    0x08000e84   0x08000e84   0x00000002   Code   RO           11    i.SVC_Handler       stm32h7xx_it.o
    0x08000e86   0x08000e86   0x00000002   PAD
    0x08000e88   0x08000e88   0x0000009c   Code   RO         3340    i.SystemInit        system_stm32h7xx_1.o
    0x08000f24   0x08000f24   0x00000022   Code   RO         1107    i.__NVIC_SetPriority  stm32h7xx_hal_cortex.o
    0x08000f46   0x08000f46   0x00000002   PAD
    0x08000f48   0x08000f48   0x00000010   Code   RO         3279    i.blue_led_light    driver_led.o
    0x08000f58   0x08000f58   0x0000000a   Code   RO         3466    x$fpl$fpinit        fz_wv.l(fpinit.o)
    0x08000f62   0x08000f62   0x00000010   Data   RO         3341    .constdata          system_stm32h7xx_1.o
    0x08000f72   0x08000f72   0x00000002   PAD
    0x08000f74   0x08000f74   0x00000020   Data   RO         3534    Region$$Table       anon$$obj.o


    Execution Region RW_IRAM1 (Exec base: 0x20000000, Load base: 0x08000f94, Size: 0x00000000, Max: 0x00020000, ABSOLUTE)

    **** No section assigned to this execution region ****


    Execution Region RW_IRAM2 (Exec base: 0x24000000, Load base: 0x08000f94, Size: 0x00000678, Max: 0x00080000, ABSOLUTE)

    Exec Addr    Load Addr    Size         Type   Attr      Idx    E Section Name        Object

    0x24000000   0x08000f94   0x0000000c   Data   RW          358    .data               stm32h7xx_hal.o
    0x2400000c   0x08000fa0   0x00000001   Data   RW         3248    .data               driver_key.o
    0x2400000d   0x08000fa1   0x00000003   PAD
    0x24000010   0x08000fa4   0x00000008   Data   RW         3342    .data               system_stm32h7xx_1.o
    0x24000018        -       0x00000060   Zero   RW         3408    .bss                c_w.l(libspace.o)
    0x24000078        -       0x00000200   Zero   RW         3330    HEAP                startup_stm32h743xx_1.o
    0x24000278        -       0x00000400   Zero   RW         3329    STACK               startup_stm32h743xx_1.o



  Load Region LR_IROM2 (Base: 0x08100000, Size: 0x00000f04, Max: 0x00100000, ABSOLUTE)

    Execution Region ER_IROM2 (Exec base: 0x08100000, Load base: 0x08100000, Size: 0x00000f04, Max: 0x00100000, ABSOLUTE)

    Exec Addr    Load Addr    Size         Type   Attr      Idx    E Section Name        Object

    0x08100000   0x08100000   0x00000002   Code   RO         3406    .ARM.Collect$$libinit$$00000000  c_w.l(libinit.o)
    0x08100002   0x08100002   0x00000004   Code   RO         3412    .ARM.Collect$$libinit$$00000001  c_w.l(libinit2.o)
    0x08100006   0x08100006   0x00000000   Code   RO         3415    .ARM.Collect$$libinit$$00000004  c_w.l(libinit2.o)
    0x08100006   0x08100006   0x00000000   Code   RO         3418    .ARM.Collect$$libinit$$0000000A  c_w.l(libinit2.o)
    0x08100006   0x08100006   0x00000000   Code   RO         3420    .ARM.Collect$$libinit$$0000000C  c_w.l(libinit2.o)
    0x08100006   0x08100006   0x00000000   Code   RO         3422    .ARM.Collect$$libinit$$0000000E  c_w.l(libinit2.o)
    0x08100006   0x08100006   0x00000000   Code   RO         3425    .ARM.Collect$$libinit$$00000011  c_w.l(libinit2.o)
    0x08100006   0x08100006   0x00000000   Code   RO         3427    .ARM.Collect$$libinit$$00000013  c_w.l(libinit2.o)
    0x08100006   0x08100006   0x00000000   Code   RO         3429    .ARM.Collect$$libinit$$00000015  c_w.l(libinit2.o)
    0x08100006   0x08100006   0x00000000   Code   RO         3431    .ARM.Collect$$libinit$$00000017  c_w.l(libinit2.o)
    0x08100006   0x08100006   0x00000000   Code   RO         3433    .ARM.Collect$$libinit$$00000019  c_w.l(libinit2.o)
    0x08100006   0x08100006   0x00000000   Code   RO         3435    .ARM.Collect$$libinit$$0000001B  c_w.l(libinit2.o)
    0x08100006   0x08100006   0x00000000   Code   RO         3437    .ARM.Collect$$libinit$$0000001D  c_w.l(libinit2.o)
    0x08100006   0x08100006   0x00000000   Code   RO         3439    .ARM.Collect$$libinit$$0000001F  c_w.l(libinit2.o)
    0x08100006   0x08100006   0x00000000   Code   RO         3441    .ARM.Collect$$libinit$$00000021  c_w.l(libinit2.o)
    0x08100006   0x08100006   0x00000000   Code   RO         3443    .ARM.Collect$$libinit$$00000023  c_w.l(libinit2.o)
    0x08100006   0x08100006   0x00000000   Code   RO         3445    .ARM.Collect$$libinit$$00000025  c_w.l(libinit2.o)
    0x08100006   0x08100006   0x00000000   Code   RO         3449    .ARM.Collect$$libinit$$0000002C  c_w.l(libinit2.o)
    0x08100006   0x08100006   0x00000000   Code   RO         3451    .ARM.Collect$$libinit$$0000002E  c_w.l(libinit2.o)
    0x08100006   0x08100006   0x00000000   Code   RO         3453    .ARM.Collect$$libinit$$00000030  c_w.l(libinit2.o)
    0x08100006   0x08100006   0x00000000   Code   RO         3455    .ARM.Collect$$libinit$$00000032  c_w.l(libinit2.o)
    0x08100006   0x08100006   0x00000002   Code   RO         3456    .ARM.Collect$$libinit$$00000033  c_w.l(libinit2.o)
    0x08100008   0x08100008   0x00000006   Code   RO         3377    .text               c_w.l(heapauxi.o)
    0x0810000e   0x0810000e   0x0000004a   Code   RO         3397    .text               c_w.l(sys_stackheap_outer.o)
    0x08100058   0x08100058   0x00000012   Code   RO         3399    .text               c_w.l(exit.o)
    0x0810006a   0x0810006a   0x00000002   PAD
    0x0810006c   0x0810006c   0x00000008   Code   RO         3407    .text               c_w.l(libspace.o)
    0x08100074   0x08100074   0x00000002   Code   RO         3479    .text               c_w.l(use_no_semi.o)
    0x08100076   0x08100076   0x00000000   Code   RO         3481    .text               c_w.l(indicate_semi.o)
    0x08100076   0x08100076   0x00000002   Code   RO            5    i.DebugMon_Handler  stm32h7xx_it.o
    0x08100078   0x08100078   0x00000008   Code   RO            6    i.EXTI15_10_IRQHandler  stm32h7xx_it.o
    0x08100080   0x08100080   0x0000006c   Code   RO          226    i.GPIO_CLK_ENABLE   main.o
    0x081000ec   0x081000ec   0x00000018   Code   RO         1526    i.HAL_GPIO_EXTI_IRQHandler  stm32h7xx_hal_gpio.o
    0x08100104   0x08100104   0x000001fc   Code   RO         1527    i.HAL_GPIO_Init     stm32h7xx_hal_gpio.o
    0x08100300   0x08100300   0x0000000a   Code   RO         1531    i.HAL_GPIO_WritePin  stm32h7xx_hal_gpio.o
    0x0810030a   0x0810030a   0x00000002   PAD
    0x0810030c   0x0810030c   0x0000000c   Code   RO          328    i.HAL_GetREVID      stm32h7xx_hal.o
    0x08100318   0x08100318   0x0000000c   Code   RO          329    i.HAL_GetTick       stm32h7xx_hal.o
    0x08100324   0x08100324   0x00000002   Code   RO          339    i.HAL_MspInit       stm32h7xx_hal.o
    0x08100326   0x08100326   0x00000002   PAD
    0x08100328   0x08100328   0x00000040   Code   RO         1100    i.HAL_NVIC_SetPriority  stm32h7xx_hal_cortex.o
    0x08100368   0x08100368   0x00000024   Code   RO         1101    i.HAL_NVIC_SetPriorityGrouping  stm32h7xx_hal_cortex.o
    0x0810038c   0x0810038c   0x00000050   Code   RO         1715    i.HAL_PWREx_ConfigSupply  stm32h7xx_hal_pwr_ex.o
    0x081003dc   0x081003dc   0x000008b6   Code   RO         2090    i.HAL_RCCEx_PeriphCLKConfig  stm32h7xx_hal_rcc_ex.o
    0x08100c92   0x08100c92   0x00000002   PAD
    0x08100c94   0x08100c94   0x00000038   Code   RO         3278    i.LED_GPIO_Init     driver_led.o
    0x08100ccc   0x08100ccc   0x00000002   Code   RO            8    i.MemManage_Handler  stm32h7xx_it.o
    0x08100cce   0x08100cce   0x00000002   Code   RO           10    i.PendSV_Handler    stm32h7xx_it.o
    0x08100cd0   0x08100cd0   0x00000120   Code   RO         2093    i.RCCEx_PLL2_Config  stm32h7xx_hal_rcc_ex.o
    0x08100df0   0x08100df0   0x00000004   Code   RO           12    i.SysTick_Handler   stm32h7xx_it.o
    0x08100df4   0x08100df4   0x000000d8   Code   RO          282    i.SystemClock_Config  system_clk.o
    0x08100ecc   0x08100ecc   0x00000002   Code   RO           13    i.UsageFault_Handler  stm32h7xx_it.o
    0x08100ece   0x08100ece   0x00000026   Code   RO          228    i.main              main.o
    0x08100ef4   0x08100ef4   0x00000010   Code   RO         3280    i.red_led_light     driver_led.o


==============================================================================

Image component sizes


      Code (inc. data)   RO Data    RW Data    ZI Data      Debug   Object Name

        20          6          0          1          0       1049   driver_key.o
        88         16          0          0          0       1509   driver_led.o
       272         14          0          0          0      37942   main.o
        64         26        664          0       1536        852   startup_stm32h743xx_1.o
       194         38          0         12          0      22662   stm32h7xx_hal.o
       172         12          0          0          0      38178   stm32h7xx_hal_cortex.o
       542         50          0          0          0       3239   stm32h7xx_hal_gpio.o
        80          4          0          0          0        785   stm32h7xx_hal_pwr_ex.o
      2098         64          0          0          0       5082   stm32h7xx_hal_rcc.o
      2806         46          0          0          0       5136   stm32h7xx_hal_rcc_ex.o
        28          0          0          0          0    1165356   stm32h7xx_it.o
       216         16          0          0          0       1193   system_clk.o
       156         22         16          8          0       1566   system_stm32h7xx_1.o

    ----------------------------------------------------------------------
      6746        314        714         24       1536    1284549   Object Totals
         0          0         32          0          0          0   (incl. Generated)
        10          0          2          3          0          0   (incl. Padding)

    ----------------------------------------------------------------------

      Code (inc. data)   RO Data    RW Data    ZI Data      Debug   Library Member Name

         8          0          0          0          0         68   __main.o
         0          0          0          0          0          0   __rtentry.o
        12          0          0          0          0          0   __rtentry2.o
         6          0          0          0          0          0   __rtentry4.o
        52          8          0          0          0          0   __scatter.o
        26          0          0          0          0          0   __scatter_copy.o
        28          0          0          0          0          0   __scatter_zi.o
        18          0          0          0          0         80   exit.o
         6          0          0          0          0        152   heapauxi.o
         0          0          0          0          0          0   indicate_semi.o
         2          0          0          0          0          0   libinit.o
         6          0          0          0          0          0   libinit2.o
         2          0          0          0          0          0   libshutdown.o
         2          0          0          0          0          0   libshutdown2.o
         8          4          0          0         96         68   libspace.o
        78          0          0          0          0         80   rt_memclr_w.o
         2          0          0          0          0          0   rtexit.o
        10          0          0          0          0          0   rtexit2.o
        12          4          0          0          0         68   sys_exit.o
        74          0          0          0          0         80   sys_stackheap_outer.o
         2          0          0          0          0         68   use_no_semi.o
        10          0          0          0          0        116   fpinit.o

    ----------------------------------------------------------------------
       372         16          0          0         96        780   Library Totals
         8          0          0          0          0          0   (incl. Padding)

    ----------------------------------------------------------------------

      Code (inc. data)   RO Data    RW Data    ZI Data      Debug   Library Name

       354         16          0          0         96        664   c_w.l
        10          0          0          0          0        116   fz_wv.l

    ----------------------------------------------------------------------
       372         16          0          0         96        780   Library Totals

    ----------------------------------------------------------------------

==============================================================================


      Code (inc. data)   RO Data    RW Data    ZI Data      Debug   

      7118        330        714         24       1632    1281921   Grand Totals
      7118        330        714         24       1632    1281921   ELF Image Totals
      7118        330        714         24          0          0   ROM Totals

==============================================================================

    Total RO  Size (Code + RO Data)                 7832 (   7.65kB)
    Total RW  Size (RW Data + ZI Data)              1656 (   1.62kB)
    Total ROM Size (Code + RO Data + RW Data)       7856 (   7.67kB)

==============================================================================

